*** Using Compiler 'V5.06 update 6 (build 750)', folder: 'I:\keil11\ARM\ARMCC\Bin'
Build target 'BMS'
compiling drv_soft_i2c.c...
..\User\Drivers\drv_soft_i2c.c(355): warning:  #223-D: function "print_usart1" declared implicitly
  				I2C_ERROR("NACK: sending repeated addr");
..\User\Drivers\drv_soft_i2c.c: 1 warning, 0 errors
compiling bms_app.c...
compiling drv_softi2c_bq769x0.c...
..\User\Drivers\drv_softi2c_bq769x0.c(262): warning:  #177-D: function "BQ769X0_WriteRegisterByte"  was declared but never referenced
  static bool BQ769X0_WriteRegisterByte(uint8_t Register, uint8_t data)
..\User\Drivers\drv_softi2c_bq769x0.c(309): warning:  #177-D: function "BQ769X0_WriteRegisterWordWithCRC"  was declared but never referenced
  static bool BQ769X0_WriteRegisterWordWithCRC(uint8_t Register, uint16_t data)
..\User\Drivers\drv_softi2c_bq769x0.c(383): warning:  #177-D: function "BQ769X0_ReadRegisterByte"  was declared but never referenced
  static bool BQ769X0_ReadRegisterByte(uint8_t Register, uint8_t *data)
..\User\Drivers\drv_softi2c_bq769x0.c: 3 warnings, 0 errors
linking...
Program Size: Code=35088 RO-data=880 RW-data=604 ZI-data=14996  
FromELF: creating hex file...
"BMS\BMS.axf" - 0 Error(s), 4 Warning(s).
Build Time Elapsed:  00:00:04
