*** Using Compiler 'V5.06 update 6 (build 750)', folder: 'I:\keil11\ARM\ARMCC\Bin'
Build target 'BMS'
compiling stm32f1xx_it.c...
compiling stm32f1xx_hal_msp.c...
compiling gpio.c...
compiling freertos.c...
compiling can.c...
compiling main.c...
compiling usart.c...
compiling board.c...
compiling bms_global.c...
compiling system_stm32f1xx.c...
compiling stm32f1xx_hal_timebase_tim.c...
compiling bms_energy.c...
compiling bms_utils.c...
..\User\Bms\Core\bms_utils.c(151): warning:  #9-D: nested comment is not allowed
  /*
..\User\Bms\Core\bms_utils.c(176): error:  #40: expected an identifier
  */
..\User\Bms\Core\bms_utils.c(192): warning:  #12-D: parsing restarts here after previous syntax error
  int cmp_int8_t(const void *e1, const void *e2)
..\User\Bms\Core\bms_utils.c(176): error:  #260-D: explicit type is missing ("int" assumed)
  */
..\User\Bms\Core\bms_utils.c(194): error:  #120: return value type does not match the function type
      return *(int8_t *)e1 - *(int8_t *)e2;
..\User\Bms\Core\bms_utils.c(357): warning:  #9-D: nested comment is not allowed
  /*
..\User\Bms\Core\bms_utils.c(369): error:  #20: identifier "BMS_CellDataTypedef" is undefined
  	temp1 = (*(BMS_CellDataTypedef *)e1).CellVoltage;
..\User\Bms\Core\bms_utils.c(369): error:  #29: expected an expression
  	temp1 = (*(BMS_CellDataTypedef *)e1).CellVoltage;
..\User\Bms\Core\bms_utils.c(369): error:  #18: expected a ")"
  	temp1 = (*(BMS_CellDataTypedef *)e1).CellVoltage;
..\User\Bms\Core\bms_utils.c(370): error:  #29: expected an expression
  	temp2 = (*(BMS_CellDataTypedef *)e2).CellVoltage;
..\User\Bms\Core\bms_utils.c(370): error:  #18: expected a ")"
  	temp2 = (*(BMS_CellDataTypedef *)e2).CellVoltage;
..\User\Bms\Core\bms_utils.c(393): error:  #20: identifier "BMS_SampleDataTypedef" is undefined
  	BMS_SampleDataTypedef SampleData;
..\User\Bms\Core\bms_utils.c(409): error:  #20: identifier "BMS_CELL_MAX" is undefined
  	BubbleSort(SampleData.CellData, BMS_CELL_MAX, sizeof(BMS_CellDataTypedef), cmp1);
..\User\Bms\Core\bms_utils.c(409): error:  #20: identifier "BMS_CellDataTypedef" is undefined
  	BubbleSort(SampleData.CellData, BMS_CELL_MAX, sizeof(BMS_CellDataTypedef), cmp1);
..\User\Bms\Core\bms_utils.c(413): warning:  #223-D: function "printf" declared implicitly
  		printf("%f\r\n", SampleData.CellData[index].CellVoltage);
..\User\Bms\Core\bms_utils.c(415): warning:  #223-D: function "printf" declared implicitly
  	printf("\r\n");
..\User\Bms\Core\bms_utils.c(420): error:  #40: expected an identifier
  */
..\User\Bms\Core\bms_utils.c(420): error: At end of source:  #65: expected a ";"
..\User\Bms\Core\bms_utils.c: 5 warnings, 13 errors
compiling bms_analysis.c...
compiling bms_hal_comm.c...
compiling bms_monitor.c...
compiling bms_app.c...
compiling bms_info.c...
compiling bms_hal_config.c...
compiling bms_hal_control.c...
compiling bms_protect.c...
compiling drv_softi2c_bq769x0.c...
..\User\Drivers\drv_softi2c_bq769x0.c(114): warning:  #9-D: nested comment is not allowed
  /*
..\User\Drivers\drv_softi2c_bq769x0.c(126): error:  #40: expected an identifier
  */
..\User\Drivers\drv_softi2c_bq769x0.c(136): warning:  #12-D: parsing restarts here after previous syntax error
  static void BQ769X0_TS1_SetOutMode(void)
..\User\Drivers\drv_softi2c_bq769x0.c(126): error:  #260-D: explicit type is missing ("int" assumed)
  */
..\User\Drivers\drv_softi2c_bq769x0.c(1046): warning:  #223-D: function "BQ769X0_TS1_SetOutMode" declared implicitly
      BQ769X0_TS1_SetOutMode();
..\User\Drivers\drv_softi2c_bq769x0.c(122): warning:  #177-D: function "BQ769X0_GpioInit"  was declared but never referenced
  static void BQ769X0_GpioInit(void)
..\User\Drivers\drv_softi2c_bq769x0.c(318): warning:  #177-D: function "BQ769X0_WriteRegisterByte"  was declared but never referenced
  static bool BQ769X0_WriteRegisterByte(uint8_t Register, uint8_t data)
..\User\Drivers\drv_softi2c_bq769x0.c(381): warning:  #177-D: function "BQ769X0_WriteRegisterWordWithCRC"  was declared but never referenced
  static bool BQ769X0_WriteRegisterWordWithCRC(uint8_t Register, uint16_t data)
..\User\Drivers\drv_softi2c_bq769x0.c(471): warning:  #177-D: function "BQ769X0_ReadRegisterByte"  was declared but never referenced
  static bool BQ769X0_ReadRegisterByte(uint8_t Register, uint8_t *data)
..\User\Drivers\drv_softi2c_bq769x0.c: 7 warnings, 2 errors
compiling drv_soft_i2c.c...
..\User\Drivers\drv_soft_i2c.c(539): warning:  #223-D: function "print_usart1" declared implicitly
  				I2C_ERROR("NACK: sending repeated addr");
..\User\Drivers\drv_soft_i2c.c: 1 warning, 0 errors
compiling bms_hal_monitor.c...
"BMS\BMS.axf" - 15 Error(s), 13 Warning(s).
Target not created.
Build Time Elapsed:  00:00:15
