*** Using Compiler 'V5.06 update 6 (build 750)', folder: 'I:\keil11\ARM\ARMCC\Bin'
Build target 'BMS'
assembling startup_stm32f103xb.s...
compiling stm32f1xx_it.c...
compiling stm32f1xx_hal_msp.c...
compiling gpio.c...
compiling can.c...
compiling freertos.c...
compiling main.c...
compiling usart.c...
compiling stm32f1xx_hal_gpio_ex.c...
compiling stm32f1xx_hal.c...
compiling stm32f1xx_hal_timebase_tim.c...
compiling stm32f1xx_hal_can.c...
compiling stm32f1xx_hal_rcc_ex.c...
compiling stm32f1xx_hal_gpio.c...
compiling stm32f1xx_hal_rcc.c...
compiling stm32f1xx_hal_cortex.c...
compiling stm32f1xx_hal_pwr.c...
compiling stm32f1xx_hal_dma.c...
compiling stm32f1xx_hal_flash.c...
compiling stm32f1xx_hal_flash_ex.c...
compiling stm32f1xx_hal_exti.c...
compiling event_groups.c...
compiling croutine.c...
compiling list.c...
compiling stream_buffer.c...
compiling queue.c...
compiling tasks.c...
compiling timers.c...
compiling heap_4.c...
compiling stm32f1xx_hal_tim.c...
compiling cmsis_os2.c...
compiling board.c...
compiling port.c...
compiling system_stm32f1xx.c...
compiling stm32f1xx_hal_uart.c...
compiling bms_global.c...
compiling stm32f1xx_hal_tim_ex.c...
compiling bms_utils.c...
compiling bms_hal_comm.c...
compiling bms_info.c...
compiling bms_energy.c...
compiling bms_analysis.c...
compiling bms_app.c...
compiling bms_monitor.c...
compiling bms_protect.c...
compiling bms_hal_config.c...
compiling bms_hal_control.c...
compiling drv_soft_i2c.c...
..\User\Drivers\drv_soft_i2c.c(347): warning:  #223-D: function "print_usart1" declared implicitly
  				I2C_ERROR("NACK: sending repeated addr");
..\User\Drivers\drv_soft_i2c.c: 1 warning, 0 errors
compiling bms_hal_monitor.c...
compiling drv_softi2c_bq769x0.c...
..\User\Drivers\drv_softi2c_bq769x0.c(262): warning:  #177-D: function "BQ769X0_WriteRegisterByte"  was declared but never referenced
  static bool BQ769X0_WriteRegisterByte(uint8_t Register, uint8_t data)
..\User\Drivers\drv_softi2c_bq769x0.c(309): warning:  #177-D: function "BQ769X0_WriteRegisterWordWithCRC"  was declared but never referenced
  static bool BQ769X0_WriteRegisterWordWithCRC(uint8_t Register, uint16_t data)
..\User\Drivers\drv_softi2c_bq769x0.c(383): warning:  #177-D: function "BQ769X0_ReadRegisterByte"  was declared but never referenced
  static bool BQ769X0_ReadRegisterByte(uint8_t Register, uint8_t *data)
..\User\Drivers\drv_softi2c_bq769x0.c: 3 warnings, 0 errors
linking...
Program Size: Code=35088 RO-data=880 RW-data=604 ZI-data=14996  
FromELF: creating hex file...
"BMS\BMS.axf" - 0 Error(s), 4 Warning(s).
Build Time Elapsed:  00:00:32
