Component: ARM Compiler 5.06 update 6 (build 750) Tool: armlink [4d35ed]

==============================================================================

Section Cross References

    startup_stm32f103xb.o(RESET) refers to startup_stm32f103xb.o(STACK) for __initial_sp
    startup_stm32f103xb.o(RESET) refers to startup_stm32f103xb.o(.text) for Reset_Handler
    startup_stm32f103xb.o(RESET) refers to stm32f1xx_it.o(i.NMI_Handler) for NMI_Handler
    startup_stm32f103xb.o(RESET) refers to context_rvds.o(.text) for HardFault_Handler
    startup_stm32f103xb.o(RESET) refers to stm32f1xx_it.o(i.MemManage_Handler) for MemManage_Handler
    startup_stm32f103xb.o(RESET) refers to stm32f1xx_it.o(i.BusFault_Handler) for BusFault_Handler
    startup_stm32f103xb.o(RESET) refers to stm32f1xx_it.o(i.UsageFault_Handler) for UsageFault_Handler
    startup_stm32f103xb.o(RESET) refers to stm32f1xx_it.o(i.DebugMon_Handler) for DebugMon_Handler
    startup_stm32f103xb.o(RESET) refers to board_1.o(i.SysTick_Handler) for SysTick_Handler
    startup_stm32f103xb.o(RESET) refers to stm32f1xx_it.o(i.USB_LP_CAN1_RX0_IRQHandler) for USB_LP_CAN1_RX0_IRQHandler
    startup_stm32f103xb.o(RESET) refers to stm32f1xx_it.o(i.CAN1_RX1_IRQHandler) for CAN1_RX1_IRQHandler
    startup_stm32f103xb.o(RESET) refers to stm32f1xx_it.o(i.USART2_IRQHandler) for USART2_IRQHandler
    startup_stm32f103xb.o(RESET) refers to stm32f1xx_it.o(i.EXTI15_10_IRQHandler) for EXTI15_10_IRQHandler
    startup_stm32f103xb.o(.text) refers to system_stm32f1xx.o(i.SystemInit) for SystemInit
    startup_stm32f103xb.o(.text) refers to entry.o(.ARM.Collect$$$$00000000) for __main
    main.o(i.SystemClock_Config) refers to memseta.o(.text) for __aeabi_memclr4
    main.o(i.SystemClock_Config) refers to stm32f1xx_hal_rcc.o(i.HAL_RCC_OscConfig) for HAL_RCC_OscConfig
    main.o(i.SystemClock_Config) refers to main.o(i.Error_Handler) for Error_Handler
    main.o(i.SystemClock_Config) refers to stm32f1xx_hal_rcc.o(i.HAL_RCC_ClockConfig) for HAL_RCC_ClockConfig
    main.o(i.main) refers to stm32f1xx_hal.o(i.HAL_Init) for HAL_Init
    main.o(i.main) refers to main.o(i.SystemClock_Config) for SystemClock_Config
    main.o(i.main) refers to gpio.o(i.MX_GPIO_Init) for MX_GPIO_Init
    main.o(i.main) refers to usart.o(i.MX_USART1_UART_Init) for MX_USART1_UART_Init
    main.o(i.main) refers to usart.o(i.MX_USART2_UART_Init) for MX_USART2_UART_Init
    main.o(i.main) refers to can.o(i.MX_CAN_Init) for MX_CAN_Init
    main.o(i.main) refers to bms_app.o(i.BMS_SysInitialize) for BMS_SysInitialize
    main.o(i.main) refers to stm32f1xx_hal_gpio.o(i.HAL_GPIO_TogglePin) for HAL_GPIO_TogglePin
    main.o(i.main) refers to thread.o(i.rt_thread_mdelay) for rt_thread_mdelay
    gpio.o(i.MX_GPIO_Init) refers to stm32f1xx_hal_gpio.o(i.HAL_GPIO_WritePin) for HAL_GPIO_WritePin
    gpio.o(i.MX_GPIO_Init) refers to stm32f1xx_hal_gpio.o(i.HAL_GPIO_Init) for HAL_GPIO_Init
    gpio.o(i.MX_GPIO_Init) refers to stm32f1xx_hal_cortex.o(i.HAL_NVIC_SetPriority) for HAL_NVIC_SetPriority
    gpio.o(i.MX_GPIO_Init) refers to stm32f1xx_hal_cortex.o(i.HAL_NVIC_EnableIRQ) for HAL_NVIC_EnableIRQ
    can.o(i.HAL_CAN_MspDeInit) refers to stm32f1xx_hal_gpio.o(i.HAL_GPIO_DeInit) for HAL_GPIO_DeInit
    can.o(i.HAL_CAN_MspDeInit) refers to stm32f1xx_hal_cortex.o(i.HAL_NVIC_DisableIRQ) for HAL_NVIC_DisableIRQ
    can.o(i.HAL_CAN_MspInit) refers to stm32f1xx_hal_gpio.o(i.HAL_GPIO_Init) for HAL_GPIO_Init
    can.o(i.HAL_CAN_MspInit) refers to stm32f1xx_hal_cortex.o(i.HAL_NVIC_SetPriority) for HAL_NVIC_SetPriority
    can.o(i.HAL_CAN_MspInit) refers to stm32f1xx_hal_cortex.o(i.HAL_NVIC_EnableIRQ) for HAL_NVIC_EnableIRQ
    can.o(i.MX_CAN_Init) refers to stm32f1xx_hal_can.o(i.HAL_CAN_Init) for HAL_CAN_Init
    can.o(i.MX_CAN_Init) refers to main.o(i.Error_Handler) for Error_Handler
    can.o(i.MX_CAN_Init) refers to can.o(.bss) for hcan
    usart.o(i.HAL_UART_MspDeInit) refers to stm32f1xx_hal_gpio.o(i.HAL_GPIO_DeInit) for HAL_GPIO_DeInit
    usart.o(i.HAL_UART_MspDeInit) refers to stm32f1xx_hal_cortex.o(i.HAL_NVIC_DisableIRQ) for HAL_NVIC_DisableIRQ
    usart.o(i.HAL_UART_MspInit) refers to stm32f1xx_hal_gpio.o(i.HAL_GPIO_Init) for HAL_GPIO_Init
    usart.o(i.HAL_UART_MspInit) refers to stm32f1xx_hal_cortex.o(i.HAL_NVIC_SetPriority) for HAL_NVIC_SetPriority
    usart.o(i.HAL_UART_MspInit) refers to stm32f1xx_hal_cortex.o(i.HAL_NVIC_EnableIRQ) for HAL_NVIC_EnableIRQ
    usart.o(i.MX_USART1_UART_Init) refers to stm32f1xx_hal_uart.o(i.HAL_UART_Init) for HAL_UART_Init
    usart.o(i.MX_USART1_UART_Init) refers to main.o(i.Error_Handler) for Error_Handler
    usart.o(i.MX_USART1_UART_Init) refers to usart.o(.bss) for huart1
    usart.o(i.MX_USART2_UART_Init) refers to stm32f1xx_hal_uart.o(i.HAL_UART_Init) for HAL_UART_Init
    usart.o(i.MX_USART2_UART_Init) refers to main.o(i.Error_Handler) for Error_Handler
    usart.o(i.MX_USART2_UART_Init) refers to usart.o(.bss) for huart2
[...]
    Bms_HalMonitorCellTemperature            0x08003a91   Thumb Code    82  bms_hal_monitor.o(i.Bms_HalMonitorCellTemperature)
    Bms_HalMonitorCellVoltage                0x08003af9   Thumb Code    72  bms_hal_monitor.o(i.Bms_HalMonitorCellVoltage)
    Bms_HalMonitorLoadDetect                 0x08003b51   Thumb Code     8  bms_hal_monitor.o(i.Bms_HalMonitorLoadDetect)
    BubbleFloat                              0x08003b59   Thumb Code    70  bms_utils.o(i.BubbleFloat)
    BubbleSort                               0x08003b9f   Thumb Code    82  bms_utils.o(i.BubbleSort)
    BusFault_Handler                         0x08003bf1   Thumb Code     4  stm32f1xx_it.o(i.BusFault_Handler)
    CAN1_RX1_IRQHandler                      0x08003bf5   Thumb Code    10  stm32f1xx_it.o(i.CAN1_RX1_IRQHandler)
    DebugMon_Handler                         0x08003c49   Thumb Code     2  stm32f1xx_it.o(i.DebugMon_Handler)
    EXTI15_10_IRQHandler                     0x08003c4b   Thumb Code    12  stm32f1xx_it.o(i.EXTI15_10_IRQHandler)
    Error_Handler                            0x08003c57   Thumb Code     6  main.o(i.Error_Handler)
    HAL_CAN_ErrorCallback                    0x08003c6b   Thumb Code     2  stm32f1xx_hal_can.o(i.HAL_CAN_ErrorCallback)
    HAL_CAN_GetRxMessage                     0x08003c6d   Thumb Code   378  stm32f1xx_hal_can.o(i.HAL_CAN_GetRxMessage)
    HAL_CAN_IRQHandler                       0x08003de7   Thumb Code   590  stm32f1xx_hal_can.o(i.HAL_CAN_IRQHandler)
    HAL_CAN_Init                             0x08004035   Thumb Code   372  stm32f1xx_hal_can.o(i.HAL_CAN_Init)
    HAL_CAN_MspInit                          0x080041a9   Thumb Code   154  can.o(i.HAL_CAN_MspInit)
    HAL_CAN_RxFifo0FullCallback              0x08004251   Thumb Code     2  stm32f1xx_hal_can.o(i.HAL_CAN_RxFifo0FullCallback)
    HAL_CAN_RxFifo0MsgPendingCallback        0x08004255   Thumb Code   104  drv_can.o(i.HAL_CAN_RxFifo0MsgPendingCallback)
    HAL_CAN_RxFifo1FullCallback              0x08004309   Thumb Code     2  stm32f1xx_hal_can.o(i.HAL_CAN_RxFifo1FullCallback)
    HAL_CAN_RxFifo1MsgPendingCallback        0x0800430b   Thumb Code     2  stm32f1xx_hal_can.o(i.HAL_CAN_RxFifo1MsgPendingCallback)
    HAL_CAN_SleepCallback                    0x0800430d   Thumb Code     2  stm32f1xx_hal_can.o(i.HAL_CAN_SleepCallback)
    HAL_CAN_TxMailbox0AbortCallback          0x0800430f   Thumb Code     2  stm32f1xx_hal_can.o(i.HAL_CAN_TxMailbox0AbortCallback)
    HAL_CAN_TxMailbox0CompleteCallback       0x08004311   Thumb Code     2  stm32f1xx_hal_can.o(i.HAL_CAN_TxMailbox0CompleteCallback)
    HAL_CAN_TxMailbox1AbortCallback          0x08004313   Thumb Code     2  stm32f1xx_hal_can.o(i.HAL_CAN_TxMailbox1AbortCallback)
    HAL_CAN_TxMailbox1CompleteCallback       0x08004315   Thumb Code     2  stm32f1xx_hal_can.o(i.HAL_CAN_TxMailbox1CompleteCallback)
    HAL_CAN_TxMailbox2AbortCallback          0x08004317   Thumb Code     2  stm32f1xx_hal_can.o(i.HAL_CAN_TxMailbox2AbortCallback)
    HAL_CAN_TxMailbox2CompleteCallback       0x08004319   Thumb Code     2  stm32f1xx_hal_can.o(i.HAL_CAN_TxMailbox2CompleteCallback)
    HAL_CAN_WakeUpFromRxMsgCallback          0x0800431b   Thumb Code     2  stm32f1xx_hal_can.o(i.HAL_CAN_WakeUpFromRxMsgCallback)
    HAL_DMA_Abort                            0x0800431d   Thumb Code    86  stm32f1xx_hal_dma.o(i.HAL_DMA_Abort)
    HAL_DMA_Abort_IT                         0x08004375   Thumb Code   172  stm32f1xx_hal_dma.o(i.HAL_DMA_Abort_IT)
    HAL_GPIO_EXTI_Callback                   0x08004425   Thumb Code    16  drv_softi2c_bq769x0.o(i.HAL_GPIO_EXTI_Callback)
    HAL_GPIO_EXTI_IRQHandler                 0x08004435   Thumb Code    24  stm32f1xx_hal_gpio.o(i.HAL_GPIO_EXTI_IRQHandler)
    HAL_GPIO_Init                            0x08004451   Thumb Code   766  stm32f1xx_hal_gpio.o(i.HAL_GPIO_Init)
    HAL_GPIO_ReadPin                         0x08004771   Thumb Code    16  stm32f1xx_hal_gpio.o(i.HAL_GPIO_ReadPin)
    HAL_GPIO_TogglePin                       0x08004781   Thumb Code    20  stm32f1xx_hal_gpio.o(i.HAL_GPIO_TogglePin)
    HAL_GPIO_WritePin                        0x08004795   Thumb Code    12  stm32f1xx_hal_gpio.o(i.HAL_GPIO_WritePin)
    HAL_GetTick                              0x080047a1   Thumb Code     6  stm32f1xx_hal.o(i.HAL_GetTick)
    HAL_Init                                 0x080047ad   Thumb Code    34  stm32f1xx_hal.o(i.HAL_Init)
    HAL_InitTick                             0x080047d5   Thumb Code    64  stm32f1xx_hal.o(i.HAL_InitTick)
    HAL_MspInit                              0x08004821   Thumb Code    82  stm32f1xx_hal_msp.o(i.HAL_MspInit)
    HAL_NVIC_EnableIRQ                       0x0800487d   Thumb Code    32  stm32f1xx_hal_cortex.o(i.HAL_NVIC_EnableIRQ)
    HAL_NVIC_SetPriority                     0x0800489d   Thumb Code   124  stm32f1xx_hal_cortex.o(i.HAL_NVIC_SetPriority)
    HAL_NVIC_SetPriorityGrouping             0x08004919   Thumb Code    32  stm32f1xx_hal_cortex.o(i.HAL_NVIC_SetPriorityGrouping)
    HAL_RCC_ClockConfig                      0x08004941   Thumb Code   376  stm32f1xx_hal_rcc.o(i.HAL_RCC_ClockConfig)
    HAL_RCC_GetHCLKFreq                      0x08004acd   Thumb Code     6  stm32f1xx_hal_rcc.o(i.HAL_RCC_GetHCLKFreq)
    HAL_RCC_GetPCLK1Freq                     0x08004ad9   Thumb Code    22  stm32f1xx_hal_rcc.o(i.HAL_RCC_GetPCLK1Freq)
    HAL_RCC_GetPCLK2Freq                     0x08004af9   Thumb Code    22  stm32f1xx_hal_rcc.o(i.HAL_RCC_GetPCLK2Freq)
    HAL_RCC_GetSysClockFreq                  0x08004b19   Thumb Code   116  stm32f1xx_hal_rcc.o(i.HAL_RCC_GetSysClockFreq)
    HAL_RCC_OscConfig                        0x08004bad   Thumb Code  1114  stm32f1xx_hal_rcc.o(i.HAL_RCC_OscConfig)
    HAL_SYSTICK_Config                       0x08005011   Thumb Code    52  stm32f1xx_hal_cortex.o(i.HAL_SYSTICK_Config)
    HAL_UARTEx_RxEventCallback               0x08005045   Thumb Code     2  stm32f1xx_hal_uart.o(i.HAL_UARTEx_RxEventCallback)
    HAL_UART_ErrorCallback                   0x08005047   Thumb Code     2  stm32f1xx_hal_uart.o(i.HAL_UART_ErrorCallback)
    HAL_UART_IRQHandler                      0x08005049   Thumb Code   582  stm32f1xx_hal_uart.o(i.HAL_UART_IRQHandler)
    HAL_UART_Init                            0x08005295   Thumb Code   114  stm32f1xx_hal_uart.o(i.HAL_UART_Init)
    HAL_UART_MspInit                         0x08005309   Thumb Code   240  usart.o(i.HAL_UART_MspInit)
    HAL_UART_Receive_IT                      0x08005409   Thumb Code    66  stm32f1xx_hal_uart.o(i.HAL_UART_Receive_IT)
    HAL_UART_RxCpltCallback                  0x0800544d   Thumb Code    52  drv_rs485.o(i.HAL_UART_RxCpltCallback)
    HAL_UART_Transmit                        0x080054b9   Thumb Code   210  stm32f1xx_hal_uart.o(i.HAL_UART_Transmit)
    HAL_UART_Transmit_IT                     0x0800558b   Thumb Code    88  stm32f1xx_hal_uart.o(i.HAL_UART_Transmit_IT)
    HAL_UART_TxCpltCallback                  0x080055e5   Thumb Code    52  drv_rs485.o(i.HAL_UART_TxCpltCallback)
    I2C_BusInitialize                        0x080057a1   Thumb Code    12  drv_soft_i2c.o(i.I2C_BusInitialize)
    I2C_TransferMessages                     0x08005987   Thumb Code   182  drv_soft_i2c.o(i.I2C_TransferMessages)
    MX_CAN_Init                              0x08005abd   Thumb Code    62  can.o(i.MX_CAN_Init)
    MX_GPIO_Init                             0x08005b05   Thumb Code   286  gpio.o(i.MX_GPIO_Init)
    MX_USART1_UART_Init                      0x08005c35   Thumb Code    46  usart.o(i.MX_USART1_UART_Init)
    MX_USART2_UART_Init                      0x08005c6d   Thumb Code    46  usart.o(i.MX_USART2_UART_Init)
    MemManage_Handler                        0x08005ca5   Thumb Code     4  stm32f1xx_it.o(i.MemManage_Handler)
    NMI_Handler                              0x08005ca9   Thumb Code     4  stm32f1xx_it.o(i.NMI_Handler)
    RS485_TransmitState                      0x08005cd5   Thumb Code    16  drv_rs485.o(i.RS485_TransmitState)
    SysTick_Handler                          0x08005d63   Thumb Code    18  board_1.o(i.SysTick_Handler)
    SystemClock_Config                       0x08005d75   Thumb Code   102  main.o(i.SystemClock_Config)
    SystemCoreClockUpdate                    0x08005ddd   Thumb Code   142  system_stm32f1xx.o(i.SystemCoreClockUpdate)
    SystemInit                               0x08005e81   Thumb Code     2  system_stm32f1xx.o(i.SystemInit)
    UART_Start_Receive_IT                    0x0800618d   Thumb Code    70  stm32f1xx_hal_uart.o(i.UART_Start_Receive_IT)
    USART2_IRQHandler                        0x080062a1   Thumb Code    10  stm32f1xx_it.o(i.USART2_IRQHandler)
    USB_LP_CAN1_RX0_IRQHandler               0x080062b1   Thumb Code    10  stm32f1xx_it.o(i.USB_LP_CAN1_RX0_IRQHandler)
    UsageFault_Handler                       0x080062c1   Thumb Code     4  stm32f1xx_it.o(i.UsageFault_Handler)
    __0sprintf                               0x080062c5   Thumb Code    34  printfa.o(i.__0sprintf)
    __1sprintf                               0x080062c5   Thumb Code     0  printfa.o(i.__0sprintf)
    __2sprintf                               0x080062c5   Thumb Code     0  printfa.o(i.__0sprintf)
    __c89sprintf                             0x080062c5   Thumb Code     0  printfa.o(i.__0sprintf)
    sprintf                                  0x080062c5   Thumb Code     0  printfa.o(i.__0sprintf)
    __kernel_poly                            0x08006325   Thumb Code   170  poly.o(i.__kernel_poly)
    __mathlib_dbl_divzero                    0x080063d1   Thumb Code    12  dunder.o(i.__mathlib_dbl_divzero)
    __mathlib_dbl_infnan                     0x080063e1   Thumb Code     6  dunder.o(i.__mathlib_dbl_infnan)
    __mathlib_dbl_invalid                    0x080063e7   Thumb Code    12  dunder.o(i.__mathlib_dbl_invalid)
    __rt_ffs                                 0x080063f5   Thumb Code    66  kservice.o(i.__rt_ffs)
    __scatterload_copy                       0x0800643d   Thumb Code    14  handlers.o(i.__scatterload_copy)
    __scatterload_null                       0x0800644b   Thumb Code     2  handlers.o(i.__scatterload_null)
    __scatterload_zeroinit                   0x0800644d   Thumb Code    14  handlers.o(i.__scatterload_zeroinit)
    __set_errno                              0x0800645d   Thumb Code     6  errno.o(i.__set_errno)
    cmd_free                                 0x08006fad   Thumb Code    10  msh.o(i.cmd_free)
    cmd_ps                                   0x08006fb7   Thumb Code    10  msh.o(i.cmd_ps)
    finsh_get_prompt                         0x08006ffd   Thumb Code    84  shell.o(i.finsh_get_prompt)
    finsh_set_prompt_mode                    0x08007071   Thumb Code    38  shell.o(i.finsh_set_prompt_mode)
    finsh_system_function_init               0x080070b5   Thumb Code     8  shell.o(i.finsh_system_function_init)
    finsh_system_init                        0x080070c1   Thumb Code    96  shell.o(i.finsh_system_init)
    finsh_thread_entry                       0x08007159   Thumb Code   640  shell.o(i.finsh_thread_entry)
    hello                                    0x0800747d   Thumb Code    12  cmd.o(i.hello)
    list                                     0x0800749d   Thumb Code    54  cmd.o(i.list)
    list_event                               0x08007505   Thumb Code   220  cmd.o(i.list_event)
    list_mem                                 0x080076f9   Thumb Code    32  mem.o(i.list_mem)
    list_msgqueue                            0x08007765   Thumb Code   246  cmd.o(i.list_msgqueue)
    list_sem                                 0x080078cd   Thumb Code   246  cmd.o(i.list_sem)
    list_thread                              0x08007a29   Thumb Code   288  cmd.o(i.list_thread)
    list_timer                               0x08007c09   Thumb Code   184  cmd.o(i.list_timer)
    log                                      0x08007d65   Thumb Code   808  log.o(i.log)
    $Super$$main                             0x080080c1   Thumb Code    48  main.o(i.main)
    main_thread_entry                        0x080080f5   Thumb Code    14  components.o(i.main_thread_entry)
    msh_auto_complete                        0x080081e9   Thumb Code   148  msh.o(i.msh_auto_complete)
    msh_exec                                 0x08008291   Thumb Code    76  msh.o(i.msh_exec)
    msh_help                                 0x08008351   Thumb Code    62  msh.o(i.msh_help)
    msh_is_used                              0x080083cd   Thumb Code     4  msh.o(i.msh_is_used)
    right_bound                              0x08008701   Thumb Code    78  bms_utils.o(i.right_bound)
    rt_application_init                      0x08008751   Thumb Code    52  components.o(i.rt_application_init)
    rt_assert_handler                        0x080087a5   Thumb Code    52  kservice.o(i.rt_assert_handler)
    rt_calloc                                0x08008815   Thumb Code    28  mem.o(i.rt_calloc)
    rt_components_board_init                 0x08008831   Thumb Code    22  components.o(i.rt_components_board_init)
    rt_components_init                       0x08008851   Thumb Code    22  components.o(i.rt_components_init)
    rt_enter_critical                        0x08008871   Thumb Code    22  scheduler.o(i.rt_enter_critical)
    rt_exit_critical                         0x0800888d   Thumb Code    52  scheduler.o(i.rt_exit_critical)
    rt_free                                  0x080088c5   Thumb Code   230  mem.o(i.rt_free)
    rt_heap_begin_get                        0x08008a8d   Thumb Code     4  board_1.o(i.rt_heap_begin_get)
    rt_heap_end_get                          0x08008a95   Thumb Code     4  board_1.o(i.rt_heap_end_get)
    rt_hw_board_init                         0x08008a9d   Thumb Code    54  board_1.o(i.rt_hw_board_init)
    rt_hw_console_getchar                    0x08008ad5   Thumb Code    34  board_1.o(i.rt_hw_console_getchar)
    rt_hw_console_output                     0x08008afd   Thumb Code    68  board_1.o(i.rt_hw_console_output)
    rt_hw_hard_fault_exception               0x08008b45   Thumb Code   190  cpuport.o(i.rt_hw_hard_fault_exception)
    rt_hw_stack_init                         0x08008d45   Thumb Code    60  cpuport.o(i.rt_hw_stack_init)
    rt_interrupt_enter                       0x08008d85   Thumb Code    22  irq.o(i.rt_interrupt_enter)
    rt_interrupt_get_nest                    0x08008da1   Thumb Code    18  irq.o(i.rt_interrupt_get_nest)
    rt_interrupt_leave                       0x08008db9   Thumb Code    22  irq.o(i.rt_interrupt_leave)
    rt_kprintf                               0x08008e45   Thumb Code    30  kservice.o(i.rt_kprintf)
    rt_malloc                                0x08008e69   Thumb Code   396  mem.o(i.rt_malloc)
    rt_memcpy                                0x0800908d   Thumb Code   116  kservice.o(i.rt_memcpy)
    rt_memmove                               0x08009101   Thumb Code    54  kservice.o(i.rt_memmove)
    rt_memset                                0x08009137   Thumb Code    86  kservice.o(i.rt_memset)
    rt_mq_send                               0x0800918d   Thumb Code     6  ipc.o(i.rt_mq_send)
    rt_mq_send_wait                          0x08009195   Thumb Code   590  ipc.o(i.rt_mq_send_wait)
    rt_object_allocate                       0x0800947d   Thumb Code   142  object.o(i.rt_object_allocate)
    rt_object_delete                         0x08009555   Thumb Code    82  object.o(i.rt_object_delete)
    rt_object_detach                         0x080095ed   Thumb Code    60  object.o(i.rt_object_detach)
    rt_object_get_information                0x08009641   Thumb Code    30  object.o(i.rt_object_get_information)
    rt_object_get_type                       0x08009665   Thumb Code    28  object.o(i.rt_object_get_type)
    rt_object_init                           0x08009699   Thumb Code   128  object.o(i.rt_object_init)
    rt_object_is_systemobject                0x08009745   Thumb Code    36  object.o(i.rt_object_is_systemobject)
    rt_schedule                              0x08009781   Thumb Code    88  scheduler.o(i.rt_schedule)
    rt_schedule_insert_thread                0x080097e5   Thumb Code    88  scheduler.o(i.rt_schedule_insert_thread)
    rt_schedule_remove_thread                0x0800985d   Thumb Code    92  scheduler.o(i.rt_schedule_remove_thread)
    rt_sem_init                              0x080098d9   Thumb Code    70  ipc.o(i.rt_sem_init)
    rt_sem_release                           0x08009949   Thumb Code   126  ipc.o(i.rt_sem_release)
    rt_sem_take                              0x080099e1   Thumb Code   236  ipc.o(i.rt_sem_take)
    rt_show_version                          0x08009b49   Thumb Code    40  kservice.o(i.rt_show_version)
    rt_strlen                                0x08009bf9   Thumb Code    16  kservice.o(i.rt_strlen)
    rt_strncpy                               0x08009c09   Thumb Code    42  kservice.o(i.rt_strncpy)
    rt_system_heap_init                      0x08009c35   Thumb Code   142  mem.o(i.rt_system_heap_init)
    rt_system_scheduler_init                 0x08009d41   Thumb Code    48  scheduler.o(i.rt_system_scheduler_init)
    rt_system_scheduler_start                0x08009d7d   Thumb Code    32  scheduler.o(i.rt_system_scheduler_start)
    rt_system_timer_init                     0x08009da5   Thumb Code    20  timer.o(i.rt_system_timer_init)
    rt_system_timer_thread_init              0x08009dbd   Thumb Code     2  timer.o(i.rt_system_timer_thread_init)
    rt_thread_create                         0x08009dbf   Thumb Code    90  thread.o(i.rt_thread_create)
    rt_thread_exit                           0x08009e19   Thumb Code    88  thread.o(i.rt_thread_exit)
    rt_thread_idle_excute                    0x08009e81   Thumb Code   116  idle.o(i.rt_thread_idle_excute)
    rt_thread_idle_init                      0x08009f29   Thumb Code    44  idle.o(i.rt_thread_idle_init)
    rt_thread_init                           0x08009f69   Thumb Code    78  thread.o(i.rt_thread_init)
    rt_thread_mdelay                         0x08009fe9   Thumb Code    14  thread.o(i.rt_thread_mdelay)
    rt_thread_resume                         0x08009ff9   Thumb Code   110  thread.o(i.rt_thread_resume)
    rt_thread_self                           0x0800a085   Thumb Code     6  thread.o(i.rt_thread_self)
    rt_thread_sleep                          0x0800a091   Thumb Code   100  thread.o(i.rt_thread_sleep)
    rt_thread_startup                        0x0800a115   Thumb Code   106  thread.o(i.rt_thread_startup)
    rt_thread_suspend                        0x0800a1d5   Thumb Code   106  thread.o(i.rt_thread_suspend)
    rt_thread_timeout                        0x0800a25d   Thumb Code   106  thread.o(i.rt_thread_timeout)
    rt_thread_yield                          0x0800a321   Thumb Code    98  thread.o(i.rt_thread_yield)
    rt_tick_from_millisecond                 0x0800a38d   Thumb Code    50  clock.o(i.rt_tick_from_millisecond)
    rt_tick_get                              0x0800a3c1   Thumb Code     6  clock.o(i.rt_tick_get)
    rt_tick_increase                         0x0800a3cd   Thumb Code    38  clock.o(i.rt_tick_increase)
    rt_timer_check                           0x0800a3f9   Thumb Code   240  timer.o(i.rt_timer_check)
    rt_timer_control                         0x0800a4ed   Thumb Code   122  timer.o(i.rt_timer_control)
    rt_timer_create                          0x0800a5bd   Thumb Code    50  timer.o(i.rt_timer_create)
    rt_timer_detach                          0x0800a5f1   Thumb Code   126  timer.o(i.rt_timer_detach)
    rt_timer_init                            0x0800a6f1   Thumb Code    58  timer.o(i.rt_timer_init)
    rt_timer_start                           0x0800a745   Thumb Code   252  timer.o(i.rt_timer_start)
    rt_timer_stop                            0x0800a8c1   Thumb Code   120  timer.o(i.rt_timer_stop)
    rt_vsnprintf                             0x0800a98d   Thumb Code   802  kservice.o(i.rt_vsnprintf)
    rtthread_startup                         0x0800acc9   Thumb Code    42  components.o(i.rtthread_startup)
    swap                                     0x0800ad7b   Thumb Code    26  bms_utils.o(i.swap)
    version                                  0x0800aea5   Thumb Code    10  cmd.o(i.version)
    AHBPrescTable                            0x0800aeae   Data          16  system_stm32f1xx.o(.constdata)
    APBPrescTable                            0x0800aebe   Data           8  system_stm32f1xx.o(.constdata)
    __lowest_bit_bitmap                      0x0800b023   Data         256  kservice.o(.constdata)
    __mathlib_zero                           0x0800b3e8   Data           8  qnan.o(.constdata)
    __fsym___cmd_BMS_CmdOpenDSG_name         0x0800b638   Data          21  bms_msh_commond.o(.rodata.name)
    __fsym___cmd_BMS_CmdOpenDSG_desc         0x0800b64d   Data           9  bms_msh_commond.o(.rodata.name)
    __fsym___cmd_BMS_CmdCloseDSG_name        0x0800b656   Data          22  bms_msh_commond.o(.rodata.name)
    __fsym___cmd_BMS_CmdCloseDSG_desc        0x0800b66c   Data          10  bms_msh_commond.o(.rodata.name)
    __fsym___cmd_BMS_CmdOpenCHG_name         0x0800b676   Data          21  bms_msh_commond.o(.rodata.name)
    __fsym___cmd_BMS_CmdOpenCHG_desc         0x0800b68b   Data           9  bms_msh_commond.o(.rodata.name)
    __fsym___cmd_BMS_CmdCloseCHG_name        0x0800b694   Data          22  bms_msh_commond.o(.rodata.name)
    __fsym___cmd_BMS_CmdCloseCHG_desc        0x0800b6aa   Data          10  bms_msh_commond.o(.rodata.name)
    __fsym___cmd_BMS_CmdOpenBalance_name     0x0800b6b4   Data          25  bms_msh_commond.o(.rodata.name)
    __fsym___cmd_BMS_CmdOpenBalance_desc     0x0800b6cd   Data          13  bms_msh_commond.o(.rodata.name)
    __fsym___cmd_BMS_CmdCloseBalance_name    0x0800b6da   Data          26  bms_msh_commond.o(.rodata.name)
    __fsym___cmd_BMS_CmdCloseBalance_desc    0x0800b6f4   Data          14  bms_msh_commond.o(.rodata.name)
    __fsym___cmd_BMS_CmdLoadDetect_name      0x0800b702   Data          24  bms_msh_commond.o(.rodata.name)
    __fsym___cmd_BMS_CmdLoadDetect_desc      0x0800b71a   Data          12  bms_msh_commond.o(.rodata.name)
    __fsym___cmd_BMS_CmdOpenInfo_name        0x0800b726   Data          22  bms_msh_commond.o(.rodata.name)
    __fsym___cmd_BMS_CmdOpenInfo_desc        0x0800b73c   Data          17  bms_msh_commond.o(.rodata.name)
    __fsym___cmd_BMS_CmdCloseInfo_name       0x0800b74d   Data          23  bms_msh_commond.o(.rodata.name)
    __fsym___cmd_BMS_CmdCloseInfo_desc       0x0800b764   Data          18  bms_msh_commond.o(.rodata.name)
    __fsym_list_mem_name                     0x0800b776   Data           9  mem.o(.rodata.name)
    __fsym_list_mem_desc                     0x0800b77f   Data          30  mem.o(.rodata.name)
    __fsym_hello_name                        0x0800b79d   Data           6  cmd.o(.rodata.name)
    __fsym_hello_desc                        0x0800b7a3   Data          16  cmd.o(.rodata.name)
    __fsym_version_name                      0x0800b7b3   Data           8  cmd.o(.rodata.name)
    __fsym_version_desc                      0x0800b7bb   Data          35  cmd.o(.rodata.name)
    __fsym___cmd_version_name                0x0800b7de   Data          14  cmd.o(.rodata.name)
    __fsym___cmd_version_desc                0x0800b7ec   Data          35  cmd.o(.rodata.name)
    __fsym_list_thread_name                  0x0800b80f   Data          12  cmd.o(.rodata.name)
    __fsym_list_thread_desc                  0x0800b81b   Data          12  cmd.o(.rodata.name)
    __fsym___cmd_list_thread_name            0x0800b827   Data          18  cmd.o(.rodata.name)
    __fsym___cmd_list_thread_desc            0x0800b839   Data          12  cmd.o(.rodata.name)
    __fsym_list_sem_name                     0x0800b845   Data           9  cmd.o(.rodata.name)
    __fsym_list_sem_desc                     0x0800b84e   Data          25  cmd.o(.rodata.name)
    __fsym___cmd_list_sem_name               0x0800b867   Data          15  cmd.o(.rodata.name)
    __fsym___cmd_list_sem_desc               0x0800b876   Data          25  cmd.o(.rodata.name)
    __fsym_list_event_name                   0x0800b88f   Data          11  cmd.o(.rodata.name)
    __fsym_list_event_desc                   0x0800b89a   Data          21  cmd.o(.rodata.name)
    __fsym___cmd_list_event_name             0x0800b8af   Data          17  cmd.o(.rodata.name)
    __fsym___cmd_list_event_desc             0x0800b8c0   Data          21  cmd.o(.rodata.name)
    __fsym_list_msgqueue_name                0x0800b8d5   Data          14  cmd.o(.rodata.name)
    __fsym_list_msgqueue_desc                0x0800b8e3   Data          29  cmd.o(.rodata.name)
    __fsym___cmd_list_msgqueue_name          0x0800b900   Data          20  cmd.o(.rodata.name)
    __fsym___cmd_list_msgqueue_desc          0x0800b914   Data          29  cmd.o(.rodata.name)
    __fsym_list_timer_name                   0x0800b931   Data          11  cmd.o(.rodata.name)
    __fsym_list_timer_desc                   0x0800b93c   Data          21  cmd.o(.rodata.name)
    __fsym___cmd_list_timer_name             0x0800b951   Data          17  cmd.o(.rodata.name)
    __fsym___cmd_list_timer_desc             0x0800b962   Data          21  cmd.o(.rodata.name)
    __fsym_list_name                         0x0800b977   Data           5  cmd.o(.rodata.name)
    __fsym_list_desc                         0x0800b97c   Data          26  cmd.o(.rodata.name)
    __fsym___cmd_help_name                   0x0800b996   Data          11  msh.o(.rodata.name)
    __fsym___cmd_help_desc                   0x0800b9a1   Data          22  msh.o(.rodata.name)
    __fsym___cmd_ps_name                     0x0800b9b7   Data           9  msh.o(.rodata.name)
    __fsym___cmd_ps_desc                     0x0800b9c0   Data          28  msh.o(.rodata.name)
    __fsym___cmd_free_name                   0x0800b9dc   Data          11  msh.o(.rodata.name)
    __fsym___cmd_free_desc                   0x0800b9e7   Data          37  msh.o(.rodata.name)
    __rt_init_rti_start                      0x0800ba0c   Data           4  components.o(.rti_fn.0)
    __rt_init_rti_board_start                0x0800ba10   Data           4  components.o(.rti_fn.0.end)
    __rt_init_uart_init                      0x0800ba14   Data           4  board_1.o(.rti_fn.1)
    __rt_init_rti_board_end                  0x0800ba18   Data           4  components.o(.rti_fn.1.end)
    __rt_init_finsh_system_init              0x0800ba1c   Data           4  shell.o(.rti_fn.6)
    __rt_init_rti_end                        0x0800ba20   Data           4  components.o(.rti_fn.6.end)
    FSymTab$$Base                            0x0800ba24   Number         0  bms_msh_commond.o(FSymTab)
    __fsym___cmd_BMS_CmdOpenDSG              0x0800ba24   Data          12  bms_msh_commond.o(FSymTab)
    __fsym___cmd_BMS_CmdCloseDSG             0x0800ba30   Data          12  bms_msh_commond.o(FSymTab)
    __fsym___cmd_BMS_CmdOpenCHG              0x0800ba3c   Data          12  bms_msh_commond.o(FSymTab)
    __fsym___cmd_BMS_CmdCloseCHG             0x0800ba48   Data          12  bms_msh_commond.o(FSymTab)
    __fsym___cmd_BMS_CmdOpenBalance          0x0800ba54   Data          12  bms_msh_commond.o(FSymTab)
    __fsym___cmd_BMS_CmdCloseBalance         0x0800ba60   Data          12  bms_msh_commond.o(FSymTab)
    __fsym___cmd_BMS_CmdLoadDetect           0x0800ba6c   Data          12  bms_msh_commond.o(FSymTab)
    __fsym___cmd_BMS_CmdOpenInfo             0x0800ba78   Data          12  bms_msh_commond.o(FSymTab)
    __fsym___cmd_BMS_CmdCloseInfo            0x0800ba84   Data          12  bms_msh_commond.o(FSymTab)
    __fsym_list_mem                          0x0800ba90   Data          12  mem.o(FSymTab)
    __fsym_hello                             0x0800ba9c   Data          12  cmd.o(FSymTab)
    __fsym_version                           0x0800baa8   Data          12  cmd.o(FSymTab)
    __fsym___cmd_version                     0x0800bab4   Data          12  cmd.o(FSymTab)
    __fsym_list_thread                       0x0800bac0   Data          12  cmd.o(FSymTab)
    __fsym___cmd_list_thread                 0x0800bacc   Data          12  cmd.o(FSymTab)
    __fsym_list_sem                          0x0800bad8   Data          12  cmd.o(FSymTab)
    __fsym___cmd_list_sem                    0x0800bae4   Data          12  cmd.o(FSymTab)
    __fsym_list_event                        0x0800baf0   Data          12  cmd.o(FSymTab)
    __fsym___cmd_list_event                  0x0800bafc   Data          12  cmd.o(FSymTab)
    __fsym_list_msgqueue                     0x0800bb08   Data          12  cmd.o(FSymTab)
    __fsym___cmd_list_msgqueue               0x0800bb14   Data          12  cmd.o(FSymTab)
    __fsym_list_timer                        0x0800bb20   Data          12  cmd.o(FSymTab)
    __fsym___cmd_list_timer                  0x0800bb2c   Data          12  cmd.o(FSymTab)
    __fsym_list                              0x0800bb38   Data          12  cmd.o(FSymTab)
    __fsym___cmd_help                        0x0800bb44   Data          12  msh.o(FSymTab)
    __fsym___cmd_ps                          0x0800bb50   Data          12  msh.o(FSymTab)
    __fsym___cmd_free                        0x0800bb5c   Data          12  msh.o(FSymTab)
    FSymTab$$Limit                           0x0800bb68   Number         0  msh.o(FSymTab)
    Region$$Table$$Base                      0x0800bb68   Number         0  anon$$obj.o(Region$$Table)
    Region$$Table$$Limit                     0x0800bb88   Number         0  anon$$obj.o(Region$$Table)
    uwTick                                   0x20000000   Data           4  stm32f1xx_hal.o(.data)
    uwTickPrio                               0x20000004   Data           4  stm32f1xx_hal.o(.data)
    uwTickFreq                               0x20000008   Data           1  stm32f1xx_hal.o(.data)
    SystemCoreClock                          0x2000000c   Data           4  system_stm32f1xx.o(.data)
    BMS_Protect                              0x20000024   Data          72  bms_protect.o(.data)
    BMS_AnalysisData                         0x20000078   Data          48  bms_analysis.o(.data)
    SocOcvTab                                0x200000a8   Data         202  bms_analysis.o(.data)
    BMS_EnergyData                           0x20000174   Data          32  bms_energy.o(.data)
    BMS_GlobalParam                          0x200001a3   Data           6  bms_global.o(.data)
    i2c1                                     0x200001b0   Data          32  drv_soft_i2c.o(.data)
    rc                                       0x200001df   Data           1  drv_rs485.o(.data)
    rt_interrupt_nest                        0x200001f8   Data           1  irq.o(.data)
    rt_assert_hook                           0x20000200   Data           4  kservice.o(.data)
    rt_current_priority                      0x2000026c   Data           1  scheduler.o(.data)
    rt_current_thread                        0x20000270   Data           4  scheduler.o(.data)
    rt_thread_ready_priority_group           0x20000274   Data           4  scheduler.o(.data)
    rt_thread_defunct                        0x20000278   Data           8  scheduler.o(.data)
    rt_interrupt_from_thread                 0x20000290   Data           4  cpuport.o(.data)
    rt_interrupt_to_thread                   0x20000294   Data           4  cpuport.o(.data)
    rt_thread_switch_interrupt_flag          0x20000298   Data           4  cpuport.o(.data)
    _syscall_table_begin                     0x2000029c   Data           4  shell.o(.data)
    _syscall_table_end                       0x200002a0   Data           4  shell.o(.data)
    _sysvar_table_begin                      0x200002a4   Data           4  shell.o(.data)
    _sysvar_table_end                        0x200002a8   Data           4  shell.o(.data)
    shell                                    0x200002b0   Data           4  shell.o(.data)
    hcan                                     0x200002b8   Data          40  can.o(.bss)
    huart1                                   0x200002e0   Data          68  usart.o(.bss)
    huart2                                   0x20000324   Data          68  usart.o(.bss)
    BMS_MonitorData                          0x20000368   Data          76  bms_monitor.o(.bss)
    BQ769X0_SampleData                       0x20000408   Data          36  drv_softi2c_bq769x0.o(.bss)
    rt_thread_priority_table                 0x2000064c   Data         256  scheduler.o(.bss)
    __initial_sp                             0x20003418   Data           0  startup_stm32f103xb.o(STACK)



==============================================================================

Memory Map of the image

  Image Entry point : 0x080000ed

  Load Region LR_IROM1 (Base: 0x08000000, Size: 0x0000be40, Max: 0x00010000, ABSOLUTE, COMPRESSED[0x0000bd10])

    Execution Region ER_IROM1 (Exec base: 0x08000000, Load base: 0x08000000, Size: 0x0000bb88, Max: 0x00010000, ABSOLUTE)

    Exec Addr    Load Addr    Size         Type   Attr      Idx    E Section Name        Object

    0x08000000   0x08000000   0x000000ec   Data   RO            3    RESET               startup_stm32f103xb.o
    0x080000ec   0x080000ec   0x00000000   Code   RO         4943  * .ARM.Collect$$$$00000000  mc_w.l(entry.o)
    0x080000ec   0x080000ec   0x00000004   Code   RO         5278    .ARM.Collect$$$$00000001  mc_w.l(entry2.o)
    0x080000f0   0x080000f0   0x00000004   Code   RO         5281    .ARM.Collect$$$$00000004  mc_w.l(entry5.o)
    0x080000f4   0x080000f4   0x00000000   Code   RO         5283    .ARM.Collect$$$$00000008  mc_w.l(entry7b.o)
    0x080000f4   0x080000f4   0x00000000   Code   RO         5285    .ARM.Collect$$$$0000000A  mc_w.l(entry8b.o)
    0x080000f4   0x080000f4   0x00000008   Code   RO         5286    .ARM.Collect$$$$0000000B  mc_w.l(entry9a.o)
    0x080000fc   0x080000fc   0x00000000   Code   RO         5288    .ARM.Collect$$$$0000000D  mc_w.l(entry10a.o)
    0x080000fc   0x080000fc   0x00000000   Code   RO         5290    .ARM.Collect$$$$0000000F  mc_w.l(entry11a.o)
    0x080000fc   0x080000fc   0x00000004   Code   RO         5279    .ARM.Collect$$$$00002712  mc_w.l(entry2.o)
    0x08000100   0x08000100   0x00000024   Code   RO            4    .text               startup_stm32f103xb.o
    0x08000124   0x08000124   0x000000f4   Code   RO         3541    .text               context_rvds.o
    0x08000218   0x08000218   0x00000020   Code   RO         4946    .text               mc_w.l(llushr.o)
    0x08000238   0x08000238   0x00000024   Code   RO         4948    .text               mc_w.l(memcpya.o)
    0x0800025c   0x0800025c   0x00000024   Code   RO         4950    .text               mc_w.l(memseta.o)
    0x08000280   0x08000280   0x00000018   Code   RO         4952    .text               mc_w.l(strcat.o)
    0x08000298   0x08000298   0x00000018   Code   RO         4954    .text               mc_w.l(strncpy.o)
    0x080002b0   0x080002b0   0x0000000e   Code   RO         4956    .text               mc_w.l(strlen.o)
    0x080002be   0x080002be   0x0000001e   Code   RO         4960    .text               mc_w.l(strncmp.o)
    0x080002dc   0x080002dc   0x000000b0   Code   RO         5225    .text               mf_w.l(fadd.o)
    0x0800038c   0x0800038c   0x00000064   Code   RO         5227    .text               mf_w.l(fmul.o)
    0x080003f0   0x080003f0   0x0000007c   Code   RO         5229    .text               mf_w.l(fdiv.o)
    0x0800046c   0x0800046c   0x0000014e   Code   RO         5231    .text               mf_w.l(dadd.o)
    0x080005ba   0x080005ba   0x000000e4   Code   RO         5233    .text               mf_w.l(dmul.o)
    0x0800069e   0x0800069e   0x000000de   Code   RO         5235    .text               mf_w.l(ddiv.o)
    0x0800077c   0x0800077c   0x00000012   Code   RO         5237    .text               mf_w.l(fflti.o)
    0x0800078e   0x0800078e   0x0000000a   Code   RO         5239    .text               mf_w.l(ffltui.o)
    0x08000798   0x08000798   0x00000022   Code   RO         5241    .text               mf_w.l(dflti.o)
    0x080007ba   0x080007ba   0x0000001a   Code   RO         5243    .text               mf_w.l(dfltui.o)
    0x080007d4   0x080007d4   0x00000032   Code   RO         5245    .text               mf_w.l(ffixi.o)
    0x08000806   0x08000806   0x00000028   Code   RO         5247    .text               mf_w.l(ffixui.o)
    0x0800082e   0x0800082e   0x00000026   Code   RO         5249    .text               mf_w.l(f2d.o)
    0x08000854   0x08000854   0x00000030   Code   RO         5251    .text               mf_w.l(cdcmple.o)
    0x08000884   0x08000884   0x00000030   Code   RO         5253    .text               mf_w.l(cdrcmple.o)
    0x080008b4   0x080008b4   0x00000038   Code   RO         5255    .text               mf_w.l(d2f.o)
    0x080008ec   0x080008ec   0x00000014   Code   RO         5257    .text               mf_w.l(cfcmple.o)
    0x08000900   0x08000900   0x00000014   Code   RO         5259    .text               mf_w.l(cfrcmple.o)
    0x08000914   0x08000914   0x0000002c   Code   RO         5295    .text               mc_w.l(uidiv.o)
    0x08000940   0x08000940   0x00000062   Code   RO         5297    .text               mc_w.l(uldiv.o)
    0x080009a2   0x080009a2   0x0000001e   Code   RO         5299    .text               mc_w.l(llshl.o)
    0x080009c0   0x080009c0   0x00000024   Code   RO         5301    .text               mc_w.l(llsshr.o)
    0x080009e4   0x080009e4   0x00000000   Code   RO         5310    .text               mc_w.l(iusefp.o)
    0x080009e4   0x080009e4   0x0000006e   Code   RO         5311    .text               mf_w.l(fepilogue.o)
    0x08000a52   0x08000a52   0x000000ba   Code   RO         5313    .text               mf_w.l(depilogue.o)
    0x08000b0c   0x08000b0c   0x0000002e   Code   RO         5315    .text               mf_w.l(dscalb.o)
    0x08000b3a   0x08000b3a   0x00000030   Code   RO         5317    .text               mf_w.l(dfixul.o)
    0x08000b6a   0x08000b6a   0x00000002   PAD
    0x08000b6c   0x08000b6c   0x00000024   Code   RO         5319    .text               mc_w.l(init.o)
    0x08000b90   0x08000b90   0x00000056   Code   RO         5331    .text               mc_w.l(__dczerorl2.o)
    0x08000be6   0x08000be6   0x0000000a   Code   RO         3586    i.$Sub$$main        components.o
    0x08000bf0   0x08000bf0   0x00000120   Code   RO         2407    i.BMS_AnalysisAHSocCalculate  bms_analysis.o
    0x08000d10   0x08000d10   0x00000008   Code   RO         2408    i.BMS_AnalysisCalCap  bms_analysis.o
    0x08000d18   0x08000d18   0x00000060   Code   RO         2409    i.BMS_AnalysisCapAndSocInit  bms_analysis.o
    0x08000d78   0x08000d78   0x00000090   Code   RO         2410    i.BMS_AnalysisEasy  bms_analysis.o
    0x08000e08   0x08000e08   0x0000007c   Code   RO         2411    i.BMS_AnalysisInit  bms_analysis.o
    0x08000e84   0x08000e84   0x00000070   Code   RO         2412    i.BMS_AnalysisOcvSocCalculate  bms_analysis.o
    0x08000ef4   0x08000ef4   0x00000080   Code   RO         2413    i.BMS_AnalysisOcvToSoc  bms_analysis.o
    0x08000f74   0x08000f74   0x0000000c   Code   RO         2414    i.BMS_AnalysisSocCheck  bms_analysis.o
    0x08000f80   0x08000f80   0x0000001c   Code   RO         2415    i.BMS_AnalysisTaskEntry  bms_analysis.o
    0x08000f9c   0x08000f9c   0x00000100   Code   RO         2416    i.BMS_AnalysisTempCal  bms_analysis.o
    0x0800109c   0x0800109c   0x00000074   Code   RO         2480    i.BMS_BalanceStartTimer  bms_energy.o
    0x08001110   0x08001110   0x00000080   Code   RO         2481    i.BMS_BalanceTimerEntry  bms_energy.o
    0x08001190   0x08001190   0x00000150   Code   RO         2317    i.BMS_ChargeMonitor  bms_protect.o
    0x080012e0   0x080012e0   0x0000000c   Code   RO         2640    i.BMS_CmdCloseBalance  bms_msh_commond.o
    0x080012ec   0x080012ec   0x0000000c   Code   RO         2641    i.BMS_CmdCloseCHG   bms_msh_commond.o
    0x080012f8   0x080012f8   0x0000000c   Code   RO         2642    i.BMS_CmdCloseDSG   bms_msh_commond.o
    0x08001304   0x08001304   0x0000000a   Code   RO         2643    i.BMS_CmdCloseInfo  bms_msh_commond.o
    0x0800130e   0x0800130e   0x00000002   PAD
    0x08001310   0x08001310   0x00000078   Code   RO         2644    i.BMS_CmdLoadDetect  bms_msh_commond.o
    0x08001388   0x08001388   0x0000000c   Code   RO         2645    i.BMS_CmdOpenBalance  bms_msh_commond.o
    0x08001394   0x08001394   0x0000000c   Code   RO         2646    i.BMS_CmdOpenCHG    bms_msh_commond.o
    0x080013a0   0x080013a0   0x0000000c   Code   RO         2647    i.BMS_CmdOpenDSG    bms_msh_commond.o
    0x080013ac   0x080013ac   0x0000000a   Code   RO         2648    i.BMS_CmdOpenInfo   bms_msh_commond.o
    0x080013b6   0x080013b6   0x00000002   PAD
    0x080013b8   0x080013b8   0x000000e0   Code   RO         2318    i.BMS_DischargeMonitor  bms_protect.o
    0x08001498   0x08001498   0x00000098   Code   RO         2482    i.BMS_EnergyBalanceCheck  bms_energy.o
    0x08001530   0x08001530   0x00000114   Code   RO         2483    i.BMS_EnergyBalanceFilter  bms_energy.o
    0x08001644   0x08001644   0x00000012   Code   RO         2484    i.BMS_EnergyBalanceManage  bms_energy.o
    0x08001656   0x08001656   0x00000002   PAD
    0x08001658   0x08001658   0x0000006c   Code   RO         2485    i.BMS_EnergyBalanceStart  bms_energy.o
    0x080016c4   0x080016c4   0x000001c4   Code   RO         2486    i.BMS_EnergyChgDsgManage  bms_energy.o
    0x08001888   0x08001888   0x000000cc   Code   RO         2487    i.BMS_EnergyInit    bms_energy.o
    0x08001954   0x08001954   0x00000038   Code   RO         2488    i.BMS_EnergyTaskEntry  bms_energy.o
    0x0800198c   0x0800198c   0x00000010   Code   RO         2862    i.BMS_HalCtrlCellsBalance  bms_hal_control.o
    0x0800199c   0x0800199c   0x0000000e   Code   RO         2863    i.BMS_HalCtrlCharge  bms_hal_control.o
    0x080019aa   0x080019aa   0x0000000e   Code   RO         2864    i.BMS_HalCtrlDischarge  bms_hal_control.o
    0x080019b8   0x080019b8   0x0000014c   Code   RO         2549    i.BMS_InfoBatCapacityIndicator  bms_info.o
    0x08001b04   0x08001b04   0x00000070   Code   RO         2550    i.BMS_InfoInit      bms_info.o
    0x08001b74   0x08001b74   0x000004a4   Code   RO         2551    i.BMS_InfoPrintf    bms_info.o
    0x08002018   0x08002018   0x0000001c   Code   RO         2552    i.BMS_InfoSetPrintf  bms_info.o
    0x08002034   0x08002034   0x00000020   Code   RO         2553    i.BMS_InfoTaskEntry  bms_info.o
    0x08002054   0x08002054   0x000000d8   Code   RO         2236    i.BMS_MonitorBattery  bms_monitor.o
    0x0800212c   0x0800212c   0x0000000c   Code   RO         2237    i.BMS_MonitorHwCurrent  bms_monitor.o
    0x08002138   0x08002138   0x00000078   Code   RO         2238    i.BMS_MonitorInit   bms_monitor.o
    0x080021b0   0x080021b0   0x0000025c   Code   RO         2243    i.BMS_MonitorSysMode  bms_monitor.o
    0x0800240c   0x0800240c   0x00000012   Code   RO         2244    i.BMS_MonitorTaskEntry  bms_monitor.o
    0x0800241e   0x0800241e   0x00000002   PAD
    0x08002420   0x08002420   0x0000004c   Code   RO         2319    i.BMS_ProtectHwDevice  bms_protect.o
    0x0800246c   0x0800246c   0x0000007c   Code   RO         2320    i.BMS_ProtectHwOCD  bms_protect.o
    0x080024e8   0x080024e8   0x00000078   Code   RO         2321    i.BMS_ProtectHwOV   bms_protect.o
    0x08002560   0x08002560   0x0000004c   Code   RO         2322    i.BMS_ProtectHwOvrd  bms_protect.o
    0x080025ac   0x080025ac   0x0000007c   Code   RO         2323    i.BMS_ProtectHwSCD  bms_protect.o
    0x08002628   0x08002628   0x00000078   Code   RO         2324    i.BMS_ProtectHwUV   bms_protect.o
    0x080026a0   0x080026a0   0x00000078   Code   RO         2325    i.BMS_ProtectInit   bms_protect.o
    0x08002718   0x08002718   0x000003cc   Code   RO         2326    i.BMS_ProtectRelieveMonitor  bms_protect.o
    0x08002ae4   0x08002ae4   0x00000012   Code   RO         2327    i.BMS_ProtectTaskEntry  bms_protect.o
    0x08002af6   0x08002af6   0x00000002   PAD
    0x08002af8   0x08002af8   0x00000034   Code   RO         2328    i.BMS_ProtectTiggerMonitor  bms_protect.o
    0x08002b2c   0x08002b2c   0x00000084   Code   RO         2147    i.BMS_SysInitialize  bms_app.o
    0x08002bb0   0x08002bb0   0x000000d4   Code   RO         3190    i.BQ769X0_AlertyHandler  drv_softi2c_bq769x0.o
    0x08002c84   0x08002c84   0x00000074   Code   RO         3191    i.BQ769X0_CellBalanceControl  drv_softi2c_bq769x0.o
    0x08002cf8   0x08002cf8   0x000000f8   Code   RO         3192    i.BQ769X0_Configuration  drv_softi2c_bq769x0.o
    0x08002df0   0x08002df0   0x00000030   Code   RO         3193    i.BQ769X0_ControlDSGOrCHG  drv_softi2c_bq769x0.o
    0x08002e20   0x08002e20   0x0000001c   Code   RO         3194    i.BQ769X0_EntryShip  drv_softi2c_bq769x0.o
    0x08002e3c   0x08002e3c   0x000000c0   Code   RO         3195    i.BQ769X0_GetADCGainOffset  drv_softi2c_bq769x0.o
    0x08002efc   0x08002efc   0x00000130   Code   RO         3196    i.BQ769X0_Initialize  drv_softi2c_bq769x0.o
    0x0800302c   0x0800302c   0x0000002c   Code   RO         3197    i.BQ769X0_LoadDetect  drv_softi2c_bq769x0.o
    0x08003058   0x08003058   0x00000190   Code   RO         3201    i.BQ769X0_ReadBlockWithCRC  drv_softi2c_bq769x0.o
    0x080031e8   0x080031e8   0x00000114   Code   RO         3203    i.BQ769X0_ReadRegisterByteWithCRC  drv_softi2c_bq769x0.o
    0x080032fc   0x080032fc   0x0000017c   Code   RO         3204    i.BQ769X0_ReadRegisterWordWithCRC  drv_softi2c_bq769x0.o
    0x08003478   0x08003478   0x00000020   Code   RO         3206    i.BQ769X0_TS1_SetInMode  drv_softi2c_bq769x0.o
    0x08003498   0x08003498   0x00000024   Code   RO         3207    i.BQ769X0_TS1_SetOutMode  drv_softi2c_bq769x0.o
    0x080034bc   0x080034bc   0x000000d0   Code   RO         3210    i.BQ769X0_UpadteBatVolt  drv_softi2c_bq769x0.o
    0x0800358c   0x0800358c   0x000000d8   Code   RO         3211    i.BQ769X0_UpdateCellVolt  drv_softi2c_bq769x0.o
    0x08003664   0x08003664   0x000000d8   Code   RO         3212    i.BQ769X0_UpdateCurrent  drv_softi2c_bq769x0.o
    0x0800373c   0x0800373c   0x00000140   Code   RO         3214    i.BQ769X0_UpdateTsTemp  drv_softi2c_bq769x0.o
    0x0800387c   0x0800387c   0x00000038   Code   RO         3215    i.BQ769X0_Wakeup    drv_softi2c_bq769x0.o
    0x080038b4   0x080038b4   0x000000f4   Code   RO         3216    i.BQ769X0_WriteBlockWithCRC  drv_softi2c_bq769x0.o
    0x080039a8   0x080039a8   0x000000b8   Code   RO         3218    i.BQ769X0_WriteRegisterByteWithCRC  drv_softi2c_bq769x0.o
    0x08003a60   0x08003a60   0x00000018   Code   RO         2977    i.Bms_HalMonitorBatteryCurrent  bms_hal_monitor.o
    0x08003a78   0x08003a78   0x00000018   Code   RO         2978    i.Bms_HalMonitorBatteryVoltage  bms_hal_monitor.o
    0x08003a90   0x08003a90   0x00000068   Code   RO         2979    i.Bms_HalMonitorCellTemperature  bms_hal_monitor.o
    0x08003af8   0x08003af8   0x00000058   Code   RO         2980    i.Bms_HalMonitorCellVoltage  bms_hal_monitor.o
    0x08003b50   0x08003b50   0x00000008   Code   RO         2981    i.Bms_HalMonitorLoadDetect  bms_hal_monitor.o
    0x08003b58   0x08003b58   0x00000046   Code   RO         2769    i.BubbleFloat       bms_utils.o
    0x08003b9e   0x08003b9e   0x00000052   Code   RO         2770    i.BubbleSort        bms_utils.o
    0x08003bf0   0x08003bf0   0x00000004   Code   RO          304    i.BusFault_Handler  stm32f1xx_it.o
    0x08003bf4   0x08003bf4   0x00000010   Code   RO          305    i.CAN1_RX1_IRQHandler  stm32f1xx_it.o
    0x08003c04   0x08003c04   0x00000044   Code   RO         3220    i.CRC8              drv_softi2c_bq769x0.o
    0x08003c48   0x08003c48   0x00000002   Code   RO          306    i.DebugMon_Handler  stm32f1xx_it.o
    0x08003c4a   0x08003c4a   0x0000000c   Code   RO          307    i.EXTI15_10_IRQHandler  stm32f1xx_it.o
    0x08003c56   0x08003c56   0x00000006   Code   RO           13    i.Error_Handler     main.o
    0x08003c5c   0x08003c5c   0x0000000e   Code   RO         3049    i.GET_SDA           drv_soft_i2c.o
    0x08003c6a   0x08003c6a   0x00000002   Code   RO          446    i.HAL_CAN_ErrorCallback  stm32f1xx_hal_can.o
    0x08003c6c   0x08003c6c   0x0000017a   Code   RO          449    i.HAL_CAN_GetRxMessage  stm32f1xx_hal_can.o
    0x08003de6   0x08003de6   0x0000024e   Code   RO          453    i.HAL_CAN_IRQHandler  stm32f1xx_hal_can.o
    0x08004034   0x08004034   0x00000174   Code   RO          454    i.HAL_CAN_Init      stm32f1xx_hal_can.o
    0x080041a8   0x080041a8   0x000000a8   Code   RO          215    i.HAL_CAN_MspInit   can.o
    0x08004250   0x08004250   0x00000002   Code   RO          461    i.HAL_CAN_RxFifo0FullCallback  stm32f1xx_hal_can.o
    0x08004252   0x08004252   0x00000002   PAD
    0x08004254   0x08004254   0x000000b4   Code   RO         3470    i.HAL_CAN_RxFifo0MsgPendingCallback  drv_can.o
    0x08004308   0x08004308   0x00000002   Code   RO          463    i.HAL_CAN_RxFifo1FullCallback  stm32f1xx_hal_can.o
    0x0800430a   0x0800430a   0x00000002   Code   RO          464    i.HAL_CAN_RxFifo1MsgPendingCallback  stm32f1xx_hal_can.o
    0x0800430c   0x0800430c   0x00000002   Code   RO          465    i.HAL_CAN_SleepCallback  stm32f1xx_hal_can.o
    0x0800430e   0x0800430e   0x00000002   Code   RO          468    i.HAL_CAN_TxMailbox0AbortCallback  stm32f1xx_hal_can.o
    0x08004310   0x08004310   0x00000002   Code   RO          469    i.HAL_CAN_TxMailbox0CompleteCallback  stm32f1xx_hal_can.o
    0x08004312   0x08004312   0x00000002   Code   RO          470    i.HAL_CAN_TxMailbox1AbortCallback  stm32f1xx_hal_can.o
    0x08004314   0x08004314   0x00000002   Code   RO          471    i.HAL_CAN_TxMailbox1CompleteCallback  stm32f1xx_hal_can.o
    0x08004316   0x08004316   0x00000002   Code   RO          472    i.HAL_CAN_TxMailbox2AbortCallback  stm32f1xx_hal_can.o
    0x08004318   0x08004318   0x00000002   Code   RO          473    i.HAL_CAN_TxMailbox2CompleteCallback  stm32f1xx_hal_can.o
    0x0800431a   0x0800431a   0x00000002   Code   RO          475    i.HAL_CAN_WakeUpFromRxMsgCallback  stm32f1xx_hal_can.o
    0x0800431c   0x0800431c   0x00000056   Code   RO         1058    i.HAL_DMA_Abort     stm32f1xx_hal_dma.o
    0x08004372   0x08004372   0x00000002   PAD
    0x08004374   0x08004374   0x000000b0   Code   RO         1059    i.HAL_DMA_Abort_IT  stm32f1xx_hal_dma.o
    0x08004424   0x08004424   0x00000010   Code   RO         3221    i.HAL_GPIO_EXTI_Callback  drv_softi2c_bq769x0.o
    0x08004434   0x08004434   0x0000001c   Code   RO          993    i.HAL_GPIO_EXTI_IRQHandler  stm32f1xx_hal_gpio.o
    0x08004450   0x08004450   0x00000320   Code   RO          994    i.HAL_GPIO_Init     stm32f1xx_hal_gpio.o
    0x08004770   0x08004770   0x00000010   Code   RO          996    i.HAL_GPIO_ReadPin  stm32f1xx_hal_gpio.o
    0x08004780   0x08004780   0x00000014   Code   RO          997    i.HAL_GPIO_TogglePin  stm32f1xx_hal_gpio.o
    0x08004794   0x08004794   0x0000000c   Code   RO          998    i.HAL_GPIO_WritePin  stm32f1xx_hal_gpio.o
    0x080047a0   0x080047a0   0x0000000c   Code   RO          685    i.HAL_GetTick       stm32f1xx_hal.o
    0x080047ac   0x080047ac   0x00000028   Code   RO          692    i.HAL_Init          stm32f1xx_hal.o
    0x080047d4   0x080047d4   0x0000004c   Code   RO          693    i.HAL_InitTick      stm32f1xx_hal.o
    0x08004820   0x08004820   0x0000005c   Code   RO          380    i.HAL_MspInit       stm32f1xx_hal_msp.o
    0x0800487c   0x0800487c   0x00000020   Code   RO         1154    i.HAL_NVIC_EnableIRQ  stm32f1xx_hal_cortex.o
    0x0800489c   0x0800489c   0x0000007c   Code   RO         1160    i.HAL_NVIC_SetPriority  stm32f1xx_hal_cortex.o
    0x08004918   0x08004918   0x00000028   Code   RO         1161    i.HAL_NVIC_SetPriorityGrouping  stm32f1xx_hal_cortex.o
    0x08004940   0x08004940   0x0000018c   Code   RO          849    i.HAL_RCC_ClockConfig  stm32f1xx_hal_rcc.o
    0x08004acc   0x08004acc   0x0000000c   Code   RO          854    i.HAL_RCC_GetHCLKFreq  stm32f1xx_hal_rcc.o
    0x08004ad8   0x08004ad8   0x00000020   Code   RO          856    i.HAL_RCC_GetPCLK1Freq  stm32f1xx_hal_rcc.o
    0x08004af8   0x08004af8   0x00000020   Code   RO          857    i.HAL_RCC_GetPCLK2Freq  stm32f1xx_hal_rcc.o
    0x08004b18   0x08004b18   0x00000094   Code   RO          858    i.HAL_RCC_GetSysClockFreq  stm32f1xx_hal_rcc.o
    0x08004bac   0x08004bac   0x00000464   Code   RO          861    i.HAL_RCC_OscConfig  stm32f1xx_hal_rcc.o
    0x08005010   0x08005010   0x00000034   Code   RO         1165    i.HAL_SYSTICK_Config  stm32f1xx_hal_cortex.o
    0x08005044   0x08005044   0x00000002   Code   RO         1727    i.HAL_UARTEx_RxEventCallback  stm32f1xx_hal_uart.o
    0x08005046   0x08005046   0x00000002   Code   RO         1741    i.HAL_UART_ErrorCallback  stm32f1xx_hal_uart.o
    0x08005048   0x08005048   0x0000024c   Code   RO         1744    i.HAL_UART_IRQHandler  stm32f1xx_hal_uart.o
    0x08005294   0x08005294   0x00000072   Code   RO         1745    i.HAL_UART_Init     stm32f1xx_hal_uart.o
    0x08005306   0x08005306   0x00000002   PAD
    0x08005308   0x08005308   0x00000100   Code   RO          257    i.HAL_UART_MspInit  usart.o
    0x08005408   0x08005408   0x00000042   Code   RO         1750    i.HAL_UART_Receive_IT  stm32f1xx_hal_uart.o
    0x0800544a   0x0800544a   0x00000002   PAD
    0x0800544c   0x0800544c   0x0000006c   Code   RO         3407    i.HAL_UART_RxCpltCallback  drv_rs485.o
    0x080054b8   0x080054b8   0x000000d2   Code   RO         1753    i.HAL_UART_Transmit  stm32f1xx_hal_uart.o
    0x0800558a   0x0800558a   0x00000058   Code   RO         1755    i.HAL_UART_Transmit_IT  stm32f1xx_hal_uart.o
    0x080055e2   0x080055e2   0x00000002   PAD
    0x080055e4   0x080055e4   0x0000006c   Code   RO         3408    i.HAL_UART_TxCpltCallback  drv_rs485.o
    0x08005650   0x08005650   0x00000010   Code   RO         3050    i.I2C1_Lock         drv_soft_i2c.o
    0x08005660   0x08005660   0x00000002   Code   RO         3051    i.I2C1_LockInit     drv_soft_i2c.o
    0x08005662   0x08005662   0x00000002   PAD
    0x08005664   0x08005664   0x00000010   Code   RO         3052    i.I2C1_Unlock       drv_soft_i2c.o
    0x08005674   0x08005674   0x000000ec   Code   RO         3053    i.I2C_BitSendAddress  drv_soft_i2c.o
    0x08005760   0x08005760   0x0000003e   Code   RO         3054    i.I2C_BusHardwareInitialize  drv_soft_i2c.o
    0x0800579e   0x0800579e   0x00000002   PAD
    0x080057a0   0x080057a0   0x00000010   Code   RO         3055    i.I2C_BusInitialize  drv_soft_i2c.o
    0x080057b0   0x080057b0   0x00000048   Code   RO         3056    i.I2C_ReadByte      drv_soft_i2c.o
    0x080057f8   0x080057f8   0x00000068   Code   RO         3057    i.I2C_RecvBytes     drv_soft_i2c.o
    0x08005860   0x08005860   0x0000002a   Code   RO         3058    i.I2C_Restart       drv_soft_i2c.o
    0x0800588a   0x0800588a   0x00000048   Code   RO         3059    i.I2C_SendAddress   drv_soft_i2c.o
    0x080058d2   0x080058d2   0x00000072   Code   RO         3060    i.I2C_SendBytes     drv_soft_i2c.o
    0x08005944   0x08005944   0x00000018   Code   RO         3061    i.I2C_Start         drv_soft_i2c.o
    0x0800595c   0x0800595c   0x0000002a   Code   RO         3062    i.I2C_Stop          drv_soft_i2c.o
    0x08005986   0x08005986   0x000000b6   Code   RO         3063    i.I2C_TransferMessages  drv_soft_i2c.o
    0x08005a3c   0x08005a3c   0x00000080   Code   RO         3064    i.I2C_WriteByte     drv_soft_i2c.o
    0x08005abc   0x08005abc   0x00000048   Code   RO          216    i.MX_CAN_Init       can.o
    0x08005b04   0x08005b04   0x00000130   Code   RO          190    i.MX_GPIO_Init      gpio.o
    0x08005c34   0x08005c34   0x00000038   Code   RO          258    i.MX_USART1_UART_Init  usart.o
    0x08005c6c   0x08005c6c   0x00000038   Code   RO          259    i.MX_USART2_UART_Init  usart.o
    0x08005ca4   0x08005ca4   0x00000004   Code   RO          308    i.MemManage_Handler  stm32f1xx_it.o
    0x08005ca8   0x08005ca8   0x00000004   Code   RO          309    i.NMI_Handler       stm32f1xx_it.o
    0x08005cac   0x08005cac   0x00000028   Code   RO          862    i.RCC_Delay         stm32f1xx_hal_rcc.o
    0x08005cd4   0x08005cd4   0x00000014   Code   RO         3411    i.RS485_TransmitState  drv_rs485.o
    0x08005ce8   0x08005ce8   0x00000010   Code   RO         3065    i.SCL_H             drv_soft_i2c.o
    0x08005cf8   0x08005cf8   0x00000010   Code   RO         3066    i.SCL_L             drv_soft_i2c.o
    0x08005d08   0x08005d08   0x00000010   Code   RO         3067    i.SDA_H             drv_soft_i2c.o
    0x08005d18   0x08005d18   0x00000010   Code   RO         3068    i.SDA_L             drv_soft_i2c.o
    0x08005d28   0x08005d28   0x0000001c   Code   RO         3069    i.SDA_SetInMode     drv_soft_i2c.o
    0x08005d44   0x08005d44   0x0000001e   Code   RO         3070    i.SDA_SetOutMode    drv_soft_i2c.o
    0x08005d62   0x08005d62   0x00000012   Code   RO         4582    i.SysTick_Handler   board_1.o
    0x08005d74   0x08005d74   0x00000066   Code   RO           14    i.SystemClock_Config  main.o
    0x08005dda   0x08005dda   0x00000002   PAD
    0x08005ddc   0x08005ddc   0x000000a4   Code   RO         2083    i.SystemCoreClockUpdate  system_stm32f1xx.o
    0x08005e80   0x08005e80   0x00000002   Code   RO         2084    i.SystemInit        system_stm32f1xx.o
    0x08005e82   0x08005e82   0x00000002   PAD
    0x08005e84   0x08005e84   0x000000bc   Code   RO         3222    i.TempChange        drv_softi2c_bq769x0.o
    0x08005f40   0x08005f40   0x00000014   Code   RO         1758    i.UART_DMAAbortOnError  stm32f1xx_hal_uart.o
    0x08005f54   0x08005f54   0x00000036   Code   RO         1768    i.UART_EndRxTransfer  stm32f1xx_hal_uart.o
    0x08005f8a   0x08005f8a   0x00000020   Code   RO         1769    i.UART_EndTransmit_IT  stm32f1xx_hal_uart.o
    0x08005faa   0x08005faa   0x000000e4   Code   RO         1771    i.UART_Receive_IT   stm32f1xx_hal_uart.o
    0x0800608e   0x0800608e   0x00000002   PAD
    0x08006090   0x08006090   0x000000fc   Code   RO         1772    i.UART_SetConfig    stm32f1xx_hal_uart.o
    0x0800618c   0x0800618c   0x00000046   Code   RO         1774    i.UART_Start_Receive_IT  stm32f1xx_hal_uart.o
    0x080061d2   0x080061d2   0x00000060   Code   RO         1775    i.UART_Transmit_IT  stm32f1xx_hal_uart.o
    0x08006232   0x08006232   0x0000006c   Code   RO         1776    i.UART_WaitOnFlagUntilTimeout  stm32f1xx_hal_uart.o
    0x0800629e   0x0800629e   0x00000002   PAD
    0x080062a0   0x080062a0   0x00000010   Code   RO          310    i.USART2_IRQHandler  stm32f1xx_it.o
    0x080062b0   0x080062b0   0x00000010   Code   RO          311    i.USB_LP_CAN1_RX0_IRQHandler  stm32f1xx_it.o
    0x080062c0   0x080062c0   0x00000004   Code   RO          312    i.UsageFault_Handler  stm32f1xx_it.o
    0x080062c4   0x080062c4   0x00000028   Code   RO         5199    i.__0sprintf        mc_w.l(printfa.o)
    0x080062ec   0x080062ec   0x00000010   Code   RO         1167    i.__NVIC_GetPriorityGrouping  stm32f1xx_hal_cortex.o
    0x080062fc   0x080062fc   0x00000028   Code   RO         1168    i.__NVIC_SetPriority  stm32f1xx_hal_cortex.o
    0x08006324   0x08006324   0x000000aa   Code   RO         5275    i.__kernel_poly     m_ws.l(poly.o)
    0x080063ce   0x080063ce   0x00000002   PAD
    0x080063d0   0x080063d0   0x00000010   Code   RO         5261    i.__mathlib_dbl_divzero  m_ws.l(dunder.o)
    0x080063e0   0x080063e0   0x00000006   Code   RO         5262    i.__mathlib_dbl_infnan  m_ws.l(dunder.o)
    0x080063e6   0x080063e6   0x0000000c   Code   RO         5264    i.__mathlib_dbl_invalid  m_ws.l(dunder.o)
    0x080063f2   0x080063f2   0x00000002   PAD
    0x080063f4   0x080063f4   0x00000048   Code   RO         3889    i.__rt_ffs          kservice.o
    0x0800643c   0x0800643c   0x0000000e   Code   RO         5325    i.__scatterload_copy  mc_w.l(handlers.o)
    0x0800644a   0x0800644a   0x00000002   Code   RO         5326    i.__scatterload_null  mc_w.l(handlers.o)
    0x0800644c   0x0800644c   0x0000000e   Code   RO         5327    i.__scatterload_zeroinit  mc_w.l(handlers.o)
    0x0800645a   0x0800645a   0x00000002   PAD
    0x0800645c   0x0800645c   0x0000000c   Code   RO         5305    i.__set_errno       mc_w.l(errno.o)
    0x08006468   0x08006468   0x00000184   Code   RO         5204    i._fp_digits        mc_w.l(printfa.o)
    0x080065ec   0x080065ec   0x0000009c   Code   RO         4756    i._msh_exec_cmd     msh.o
    0x08006688   0x08006688   0x000006dc   Code   RO         5205    i._printf_core      mc_w.l(printfa.o)
    0x08006d64   0x08006d64   0x00000024   Code   RO         5206    i._printf_post_padding  mc_w.l(printfa.o)
    0x08006d88   0x08006d88   0x0000002e   Code   RO         5207    i._printf_pre_padding  mc_w.l(printfa.o)
    0x08006db6   0x08006db6   0x00000002   PAD
    0x08006db8   0x08006db8   0x000000b0   Code   RO         4304    i._rt_thread_init   thread.o
    0x08006e68   0x08006e68   0x00000028   Code   RO         4428    i._rt_timer_init    timer.o
    0x08006e90   0x08006e90   0x0000000a   Code   RO         5209    i._sputc            mc_w.l(printfa.o)
    0x08006e9a   0x08006e9a   0x0000001c   Code   RO         4305    i._thread_cleanup_execute  thread.o
    0x08006eb6   0x08006eb6   0x00000002   PAD
    0x08006eb8   0x08006eb8   0x000000f4   Code   RO         4516    i.bus_fault_track   cpuport.o
    0x08006fac   0x08006fac   0x0000000a   Code   RO         4757    i.cmd_free          msh.o
    0x08006fb6   0x08006fb6   0x0000000a   Code   RO         4758    i.cmd_ps            msh.o
    0x08006fc0   0x08006fc0   0x00000020   Code   RO         2982    i.compaer_cell      bms_hal_monitor.o
    0x08006fe0   0x08006fe0   0x0000001c   Code   RO         3071    i.delay_us          drv_soft_i2c.o
    0x08006ffc   0x08006ffc   0x00000070   Code   RO         4835    i.finsh_get_prompt  shell.o
    0x0800706c   0x0800706c   0x00000004   Code   RO         4837    i.finsh_getchar     shell.o
    0x08007070   0x08007070   0x00000044   Code   RO         4840    i.finsh_set_prompt_mode  shell.o
    0x080070b4   0x080070b4   0x0000000c   Code   RO         4841    i.finsh_system_function_init  shell.o
    0x080070c0   0x080070c0   0x00000098   Code   RO         4842    i.finsh_system_init  shell.o
    0x08007158   0x08007158   0x000002a0   Code   RO         4844    i.finsh_thread_entry  shell.o
    0x080073f8   0x080073f8   0x00000084   Code   RO         4517    i.hard_fault_track  cpuport.o
    0x0800747c   0x0800747c   0x00000020   Code   RO         4642    i.hello             cmd.o
    0x0800749c   0x0800749c   0x00000068   Code   RO         4643    i.list              cmd.o
    0x08007504   0x08007504   0x00000158   Code   RO         4644    i.list_event        cmd.o
    0x0800765c   0x0800765c   0x00000024   Code   RO         4645    i.list_find_init    cmd.o
    0x08007680   0x08007680   0x00000076   Code   RO         4646    i.list_get_next     cmd.o
    0x080076f6   0x080076f6   0x00000002   PAD
    0x080076f8   0x080076f8   0x0000006c   Code   RO         4076    i.list_mem          mem.o
    0x08007764   0x08007764   0x00000168   Code   RO         4647    i.list_msgqueue     cmd.o
    0x080078cc   0x080078cc   0x0000015c   Code   RO         4648    i.list_sem          cmd.o
    0x08007a28   0x08007a28   0x000001e0   Code   RO         4649    i.list_thread       cmd.o
    0x08007c08   0x08007c08   0x0000015c   Code   RO         4650    i.list_timer        cmd.o
    0x08007d64   0x08007d64   0x0000035c   Code   RO         4934    i.log               m_ws.l(log.o)
    0x080080c0   0x080080c0   0x00000034   Code   RO           15    i.main              main.o
    0x080080f4   0x080080f4   0x0000000e   Code   RO         3587    i.main_thread_entry  components.o
    0x08008102   0x08008102   0x00000002   PAD
    0x08008104   0x08008104   0x000000e4   Code   RO         4518    i.mem_manage_fault_track  cpuport.o
    0x080081e8   0x080081e8   0x000000a8   Code   RO         4759    i.msh_auto_complete  msh.o
    0x08008290   0x08008290   0x00000064   Code   RO         4760    i.msh_exec          msh.o
    0x080082f4   0x080082f4   0x0000005c   Code   RO         4761    i.msh_get_cmd       msh.o
    0x08008350   0x08008350   0x0000007c   Code   RO         4762    i.msh_help          msh.o
    0x080083cc   0x080083cc   0x00000004   Code   RO         4763    i.msh_is_used       msh.o
    0x080083d0   0x080083d0   0x000000d8   Code   RO         4764    i.msh_split         msh.o
    0x080084a8   0x080084a8   0x000000e8   Code   RO         4077    i.plug_holes        mem.o
    0x08008590   0x08008590   0x00000170   Code   RO         3891    i.print_number      kservice.o
    0x08008700   0x08008700   0x0000004e   Code   RO         2779    i.right_bound       bms_utils.o
    0x0800874e   0x0800874e   0x00000002   PAD
    0x08008750   0x08008750   0x00000054   Code   RO         3588    i.rt_application_init  components.o
    0x080087a4   0x080087a4   0x00000070   Code   RO         3892    i.rt_assert_handler  kservice.o
    0x08008814   0x08008814   0x0000001c   Code   RO         4078    i.rt_calloc         mem.o
    0x08008830   0x08008830   0x00000020   Code   RO         3589    i.rt_components_board_init  components.o
    0x08008850   0x08008850   0x00000020   Code   RO         3590    i.rt_components_init  components.o
    0x08008870   0x08008870   0x0000001c   Code   RO         4236    i.rt_enter_critical  scheduler.o
    0x0800888c   0x0800888c   0x00000038   Code   RO         4237    i.rt_exit_critical  scheduler.o
    0x080088c4   0x080088c4   0x000001c8   Code   RO         4079    i.rt_free           mem.o
    0x08008a8c   0x08008a8c   0x00000008   Code   RO         4583    i.rt_heap_begin_get  board_1.o
    0x08008a94   0x08008a94   0x00000008   Code   RO         4584    i.rt_heap_end_get   board_1.o
    0x08008a9c   0x08008a9c   0x00000036   Code   RO         4585    i.rt_hw_board_init  board_1.o
    0x08008ad2   0x08008ad2   0x00000002   PAD
    0x08008ad4   0x08008ad4   0x00000028   Code   RO         4586    i.rt_hw_console_getchar  board_1.o
    0x08008afc   0x08008afc   0x00000048   Code   RO         4587    i.rt_hw_console_output  board_1.o
    0x08008b44   0x08008b44   0x00000200   Code   RO         4522    i.rt_hw_hard_fault_exception  cpuport.o
    0x08008d44   0x08008d44   0x00000040   Code   RO         4523    i.rt_hw_stack_init  cpuport.o
    0x08008d84   0x08008d84   0x0000001c   Code   RO         3862    i.rt_interrupt_enter  irq.o
    0x08008da0   0x08008da0   0x00000018   Code   RO         3863    i.rt_interrupt_get_nest  irq.o
    0x08008db8   0x08008db8   0x0000001c   Code   RO         3864    i.rt_interrupt_leave  irq.o
    0x08008dd4   0x08008dd4   0x00000070   Code   RO         3705    i.rt_ipc_list_suspend  ipc.o
    0x08008e44   0x08008e44   0x00000024   Code   RO         3897    i.rt_kprintf        kservice.o
    0x08008e68   0x08008e68   0x00000224   Code   RO         4080    i.rt_malloc         mem.o
    0x0800908c   0x0800908c   0x00000074   Code   RO         3901    i.rt_memcpy         kservice.o
    0x08009100   0x08009100   0x00000036   Code   RO         3902    i.rt_memmove        kservice.o
    0x08009136   0x08009136   0x00000056   Code   RO         3903    i.rt_memset         kservice.o
    0x0800918c   0x0800918c   0x00000006   Code   RO         3712    i.rt_mq_send        ipc.o
    0x08009192   0x08009192   0x00000002   PAD
    0x08009194   0x08009194   0x000002e8   Code   RO         3713    i.rt_mq_send_wait   ipc.o
    0x0800947c   0x0800947c   0x000000d8   Code   RO         4157    i.rt_object_allocate  object.o
    0x08009554   0x08009554   0x00000098   Code   RO         4158    i.rt_object_delete  object.o
    0x080095ec   0x080095ec   0x00000054   Code   RO         4159    i.rt_object_detach  object.o
    0x08009640   0x08009640   0x00000024   Code   RO         4161    i.rt_object_get_information  object.o
    0x08009664   0x08009664   0x00000034   Code   RO         4164    i.rt_object_get_type  object.o
    0x08009698   0x08009698   0x000000ac   Code   RO         4165    i.rt_object_init    object.o
    0x08009744   0x08009744   0x0000003c   Code   RO         4166    i.rt_object_is_systemobject  object.o
    0x08009780   0x08009780   0x00000064   Code   RO         4238    i.rt_schedule       scheduler.o
    0x080097e4   0x080097e4   0x00000078   Code   RO         4239    i.rt_schedule_insert_thread  scheduler.o
    0x0800985c   0x0800985c   0x0000007c   Code   RO         4240    i.rt_schedule_remove_thread  scheduler.o
    0x080098d8   0x080098d8   0x00000070   Code   RO         3719    i.rt_sem_init       ipc.o
    0x08009948   0x08009948   0x00000098   Code   RO         3720    i.rt_sem_release    ipc.o
    0x080099e0   0x080099e0   0x00000168   Code   RO         3721    i.rt_sem_take       ipc.o
    0x08009b48   0x08009b48   0x000000b0   Code   RO         3905    i.rt_show_version   kservice.o
    0x08009bf8   0x08009bf8   0x00000010   Code   RO         3911    i.rt_strlen         kservice.o
    0x08009c08   0x08009c08   0x0000002a   Code   RO         3913    i.rt_strncpy        kservice.o
    0x08009c32   0x08009c32   0x00000002   PAD
    0x08009c34   0x08009c34   0x0000010c   Code   RO         4083    i.rt_system_heap_init  mem.o
    0x08009d40   0x08009d40   0x0000003c   Code   RO         4241    i.rt_system_scheduler_init  scheduler.o
    0x08009d7c   0x08009d7c   0x00000028   Code   RO         4242    i.rt_system_scheduler_start  scheduler.o
    0x08009da4   0x08009da4   0x00000018   Code   RO         4429    i.rt_system_timer_init  timer.o
    0x08009dbc   0x08009dbc   0x00000002   Code   RO         4430    i.rt_system_timer_thread_init  timer.o
    0x08009dbe   0x08009dbe   0x0000005a   Code   RO         4307    i.rt_thread_create  thread.o
    0x08009e18   0x08009e18   0x00000060   Code   RO         4312    i.rt_thread_exit    thread.o
    0x08009e78   0x08009e78   0x00000006   Code   RO         3661    i.rt_thread_idle_entry  idle.o
    0x08009e7e   0x08009e7e   0x00000002   PAD
    0x08009e80   0x08009e80   0x000000a8   Code   RO         3662    i.rt_thread_idle_excute  idle.o
    0x08009f28   0x08009f28   0x00000040   Code   RO         3664    i.rt_thread_idle_init  idle.o
    0x08009f68   0x08009f68   0x00000080   Code   RO         4314    i.rt_thread_init    thread.o
    0x08009fe8   0x08009fe8   0x0000000e   Code   RO         4315    i.rt_thread_mdelay  thread.o
    0x08009ff6   0x08009ff6   0x00000002   PAD
    0x08009ff8   0x08009ff8   0x0000008c   Code   RO         4316    i.rt_thread_resume  thread.o
    0x0800a084   0x0800a084   0x0000000c   Code   RO         4317    i.rt_thread_self    thread.o
    0x0800a090   0x0800a090   0x00000084   Code   RO         4318    i.rt_thread_sleep   thread.o
    0x0800a114   0x0800a114   0x000000c0   Code   RO         4319    i.rt_thread_startup  thread.o
    0x0800a1d4   0x0800a1d4   0x00000088   Code   RO         4320    i.rt_thread_suspend  thread.o
    0x0800a25c   0x0800a25c   0x000000c4   Code   RO         4321    i.rt_thread_timeout  thread.o
    0x0800a320   0x0800a320   0x0000006c   Code   RO         4322    i.rt_thread_yield   thread.o
    0x0800a38c   0x0800a38c   0x00000032   Code   RO         3546    i.rt_tick_from_millisecond  clock.o
    0x0800a3be   0x0800a3be   0x00000002   PAD
    0x0800a3c0   0x0800a3c0   0x0000000c   Code   RO         3547    i.rt_tick_get       clock.o
    0x0800a3cc   0x0800a3cc   0x0000002c   Code   RO         3548    i.rt_tick_increase  clock.o
    0x0800a3f8   0x0800a3f8   0x000000f4   Code   RO         4431    i.rt_timer_check    timer.o
    0x0800a4ec   0x0800a4ec   0x000000d0   Code   RO         4432    i.rt_timer_control  timer.o
    0x0800a5bc   0x0800a5bc   0x00000032   Code   RO         4433    i.rt_timer_create   timer.o
    0x0800a5ee   0x0800a5ee   0x00000002   PAD
    0x0800a5f0   0x0800a5f0   0x00000100   Code   RO         4435    i.rt_timer_detach   timer.o
    0x0800a6f0   0x0800a6f0   0x00000054   Code   RO         4436    i.rt_timer_init     timer.o
    0x0800a744   0x0800a744   0x0000017c   Code   RO         4439    i.rt_timer_start    timer.o
    0x0800a8c0   0x0800a8c0   0x000000cc   Code   RO         4440    i.rt_timer_stop     timer.o
    0x0800a98c   0x0800a98c   0x0000032c   Code   RO         3916    i.rt_vsnprintf      kservice.o
    0x0800acb8   0x0800acb8   0x00000004   Code   RO         3591    i.rti_board_end     components.o
    0x0800acbc   0x0800acbc   0x00000004   Code   RO         3592    i.rti_board_start   components.o
    0x0800acc0   0x0800acc0   0x00000004   Code   RO         3593    i.rti_end           components.o
    0x0800acc4   0x0800acc4   0x00000004   Code   RO         3594    i.rti_start         components.o
    0x0800acc8   0x0800acc8   0x0000002a   Code   RO         3595    i.rtthread_startup  components.o
    0x0800acf2   0x0800acf2   0x00000002   PAD
    0x0800acf4   0x0800acf4   0x00000038   Code   RO         4845    i.shell_auto_complete  shell.o
    0x0800ad2c   0x0800ad2c   0x00000030   Code   RO         4651    i.show_wait_queue   cmd.o
    0x0800ad5c   0x0800ad5c   0x0000001e   Code   RO         4765    i.str_common        msh.o
    0x0800ad7a   0x0800ad7a   0x0000001a   Code   RO         2780    i.swap              bms_utils.o
    0x0800ad94   0x0800ad94   0x00000034   Code   RO         4588    i.uart_init         board_1.o
    0x0800adc8   0x0800adc8   0x000000dc   Code   RO         4524    i.usage_fault_track  cpuport.o
    0x0800aea4   0x0800aea4   0x0000000a   Code   RO         4652    i.version           cmd.o
    0x0800aeae   0x0800aeae   0x00000018   Data   RO         2085    .constdata          system_stm32f1xx.o
    0x0800aec6   0x0800aec6   0x00000014   Data   RO         3596    .constdata          components.o
    0x0800aeda   0x0800aeda   0x00000016   Data   RO         3666    .constdata          idle.o
    0x0800aef0   0x0800aef0   0x00000133   Data   RO         3723    .constdata          ipc.o
    0x0800b023   0x0800b023   0x00000122   Data   RO         3919    .constdata          kservice.o
    0x0800b145   0x0800b145   0x0000003c   Data   RO         4085    .constdata          mem.o
    0x0800b181   0x0800b181   0x00000080   Data   RO         4168    .constdata          object.o
    0x0800b201   0x0800b201   0x00000034   Data   RO         4244    .constdata          scheduler.o
    0x0800b235   0x0800b235   0x000000c0   Data   RO         4323    .constdata          thread.o
    0x0800b2f5   0x0800b2f5   0x0000005c   Data   RO         4441    .constdata          timer.o
    0x0800b351   0x0800b351   0x0000000e   Data   RO         4766    .constdata          msh.o
    0x0800b35f   0x0800b35f   0x0000004a   Data   RO         4847    .constdata          shell.o
    0x0800b3a9   0x0800b3a9   0x00000007   PAD
    0x0800b3b0   0x0800b3b0   0x00000038   Data   RO         4935    .constdata          m_ws.l(log.o)
    0x0800b3e8   0x0800b3e8   0x00000008   Data   RO         5277    .constdata          m_ws.l(qnan.o)
    0x0800b3f0   0x0800b3f0   0x00000044   Data   RO         2554    .conststring        bms_info.o
    0x0800b434   0x0800b434   0x0000008f   Data   RO         3724    .conststring        ipc.o
    0x0800b4c3   0x0800b4c3   0x00000001   PAD
    0x0800b4c4   0x0800b4c4   0x000000eb   Data   RO         4086    .conststring        mem.o
    0x0800b5af   0x0800b5af   0x00000001   PAD
    0x0800b5b0   0x0800b5b0   0x00000042   Data   RO         4324    .conststring        thread.o
    0x0800b5f2   0x0800b5f2   0x00000002   PAD
    0x0800b5f4   0x0800b5f4   0x00000044   Data   RO         4653    .conststring        cmd.o
    0x0800b638   0x0800b638   0x0000013e   Data   RO         2649    .rodata.name        bms_msh_commond.o
    0x0800b776   0x0800b776   0x00000009   Data   RO         4088    .rodata.name        mem.o
    0x0800b77f   0x0800b77f   0x0000001e   Data   RO         4089    .rodata.name        mem.o
    0x0800b79d   0x0800b79d   0x00000006   Data   RO         4654    .rodata.name        cmd.o
    0x0800b7a3   0x0800b7a3   0x00000010   Data   RO         4655    .rodata.name        cmd.o
    0x0800b7b3   0x0800b7b3   0x00000008   Data   RO         4656    .rodata.name        cmd.o
    0x0800b7bb   0x0800b7bb   0x00000023   Data   RO         4657    .rodata.name        cmd.o
    0x0800b7de   0x0800b7de   0x0000000e   Data   RO         4658    .rodata.name        cmd.o
    0x0800b7ec   0x0800b7ec   0x00000023   Data   RO         4659    .rodata.name        cmd.o
    0x0800b80f   0x0800b80f   0x0000000c   Data   RO         4660    .rodata.name        cmd.o
    0x0800b81b   0x0800b81b   0x0000000c   Data   RO         4661    .rodata.name        cmd.o
    0x0800b827   0x0800b827   0x00000012   Data   RO         4662    .rodata.name        cmd.o
    0x0800b839   0x0800b839   0x0000000c   Data   RO         4663    .rodata.name        cmd.o
    0x0800b845   0x0800b845   0x00000009   Data   RO         4664    .rodata.name        cmd.o
    0x0800b84e   0x0800b84e   0x00000019   Data   RO         4665    .rodata.name        cmd.o
    0x0800b867   0x0800b867   0x0000000f   Data   RO         4666    .rodata.name        cmd.o
    0x0800b876   0x0800b876   0x00000019   Data   RO         4667    .rodata.name        cmd.o
    0x0800b88f   0x0800b88f   0x0000000b   Data   RO         4668    .rodata.name        cmd.o
    0x0800b89a   0x0800b89a   0x00000015   Data   RO         4669    .rodata.name        cmd.o
    0x0800b8af   0x0800b8af   0x00000011   Data   RO         4670    .rodata.name        cmd.o
    0x0800b8c0   0x0800b8c0   0x00000015   Data   RO         4671    .rodata.name        cmd.o
    0x0800b8d5   0x0800b8d5   0x0000000e   Data   RO         4672    .rodata.name        cmd.o
    0x0800b8e3   0x0800b8e3   0x0000001d   Data   RO         4673    .rodata.name        cmd.o
    0x0800b900   0x0800b900   0x00000014   Data   RO         4674    .rodata.name        cmd.o
    0x0800b914   0x0800b914   0x0000001d   Data   RO         4675    .rodata.name        cmd.o
    0x0800b931   0x0800b931   0x0000000b   Data   RO         4676    .rodata.name        cmd.o
    0x0800b93c   0x0800b93c   0x00000015   Data   RO         4677    .rodata.name        cmd.o
    0x0800b951   0x0800b951   0x00000011   Data   RO         4678    .rodata.name        cmd.o
    0x0800b962   0x0800b962   0x00000015   Data   RO         4679    .rodata.name        cmd.o
    0x0800b977   0x0800b977   0x00000005   Data   RO         4680    .rodata.name        cmd.o
    0x0800b97c   0x0800b97c   0x0000001a   Data   RO         4681    .rodata.name        cmd.o
    0x0800b996   0x0800b996   0x0000000b   Data   RO         4767    .rodata.name        msh.o
    0x0800b9a1   0x0800b9a1   0x00000016   Data   RO         4768    .rodata.name        msh.o
    0x0800b9b7   0x0800b9b7   0x00000009   Data   RO         4769    .rodata.name        msh.o
    0x0800b9c0   0x0800b9c0   0x0000001c   Data   RO         4770    .rodata.name        msh.o
    0x0800b9dc   0x0800b9dc   0x0000000b   Data   RO         4771    .rodata.name        msh.o
    0x0800b9e7   0x0800b9e7   0x00000025   Data   RO         4772    .rodata.name        msh.o
    0x0800ba0c   0x0800ba0c   0x00000004   Data   RO         3597    .rti_fn.0           components.o
    0x0800ba10   0x0800ba10   0x00000004   Data   RO         3598    .rti_fn.0.end       components.o
    0x0800ba14   0x0800ba14   0x00000004   Data   RO         4590    .rti_fn.1           board_1.o
    0x0800ba18   0x0800ba18   0x00000004   Data   RO         3599    .rti_fn.1.end       components.o
    0x0800ba1c   0x0800ba1c   0x00000004   Data   RO         4849    .rti_fn.6           shell.o
    0x0800ba20   0x0800ba20   0x00000004   Data   RO         3600    .rti_fn.6.end       components.o
    0x0800ba24   0x0800ba24   0x0000006c   Data   RO         2650    FSymTab             bms_msh_commond.o
    0x0800ba90   0x0800ba90   0x0000000c   Data   RO         4090    FSymTab             mem.o
    0x0800ba9c   0x0800ba9c   0x000000a8   Data   RO         4682    FSymTab             cmd.o
    0x0800bb44   0x0800bb44   0x00000024   Data   RO         4773    FSymTab             msh.o
    0x0800bb68   0x0800bb68   0x00000020   Data   RO         5323    Region$$Table       anon$$obj.o


    Execution Region RW_IRAM1 (Exec base: 0x20000000, Load base: 0x0800bb88, Size: 0x00003418, Max: 0x00005000, ABSOLUTE, COMPRESSED[0x00000188])

    Exec Addr    Load Addr    Size         Type   Attr      Idx    E Section Name        Object

    0x20000000   COMPRESSED   0x00000009   Data   RW          699    .data               stm32f1xx_hal.o
    0x20000009   COMPRESSED   0x00000003   PAD
    0x2000000c   COMPRESSED   0x00000004   Data   RW         2086    .data               system_stm32f1xx.o
    0x20000010   COMPRESSED   0x00000014   Data   RW         2246    .data               bms_monitor.o
    0x20000024   COMPRESSED   0x00000054   Data   RW         2329    .data               bms_protect.o
    0x20000078   COMPRESSED   0x000000fc   Data   RW         2417    .data               bms_analysis.o
    0x20000174   COMPRESSED   0x0000002e   Data   RW         2489    .data               bms_energy.o
    0x200001a2   COMPRESSED   0x00000001   Data   RW         2555    .data               bms_info.o
    0x200001a3   COMPRESSED   0x00000006   Data   RW         2751    .data               bms_global.o
    0x200001a9   COMPRESSED   0x00000003   PAD
    0x200001ac   COMPRESSED   0x00000024   Data   RW         3072    .data               drv_soft_i2c.o
    0x200001d0   COMPRESSED   0x0000000f   Data   RW         3224    .data               drv_softi2c_bq769x0.o
    0x200001df   COMPRESSED   0x00000001   Data   RW         3412    .data               drv_rs485.o
    0x200001e0   COMPRESSED   0x00000011   Data   RW         3471    .data               drv_can.o
    0x200001f1   COMPRESSED   0x00000003   PAD
    0x200001f4   COMPRESSED   0x00000004   Data   RW         3550    .data               clock.o
    0x200001f8   COMPRESSED   0x00000001   Data   RW         3865    .data               irq.o
    0x200001f9   COMPRESSED   0x00000003   PAD
    0x200001fc   COMPRESSED   0x00000008   Data   RW         3920    .data               kservice.o
    0x20000204   COMPRESSED   0x00000018   Data   RW         4087    .data               mem.o
    0x2000021c   COMPRESSED   0x00000050   Data   RW         4169    .data               object.o
    0x2000026c   COMPRESSED   0x00000014   Data   RW         4245    .data               scheduler.o
    0x20000280   COMPRESSED   0x0000000c   Data   RW         4442    .data               timer.o
    0x2000028c   COMPRESSED   0x00000004   Data   RW         4526    .data               cpuport.o
    0x20000290   COMPRESSED   0x00000004   Data   RW         4527    .data               cpuport.o
    0x20000294   COMPRESSED   0x00000004   Data   RW         4528    .data               cpuport.o
    0x20000298   COMPRESSED   0x00000004   Data   RW         4529    .data               cpuport.o
    0x2000029c   COMPRESSED   0x00000018   Data   RW         4848    .data               shell.o
    0x200002b4   COMPRESSED   0x00000004   Data   RW         5306    .data               mc_w.l(errno.o)
    0x200002b8        -       0x00000028   Zero   RW          217    .bss                can.o
    0x200002e0        -       0x00000088   Zero   RW          260    .bss                usart.o
    0x20000368        -       0x0000004c   Zero   RW         2245    .bss                bms_monitor.o
    0x200003b4        -       0x00000078   Zero   RW         3223    .bss                drv_softi2c_bq769x0.o
    0x2000042c        -       0x00000180   Zero   RW         3665    .bss                idle.o
    0x200005ac        -       0x00000080   Zero   RW         3918    .bss                kservice.o
    0x2000062c        -       0x00000020   Zero   RW         4084    .bss                mem.o
    0x2000064c        -       0x00000100   Zero   RW         4243    .bss                scheduler.o
    0x2000074c        -       0x00002844   Zero   RW         4589    .bss                board_1.o
    0x20002f90        -       0x00000081   Zero   RW         4846    .bss                shell.o
    0x20003011   COMPRESSED   0x00000007   PAD
    0x20003018        -       0x00000400   Zero   RW            1    STACK               startup_stm32f103xb.o


==============================================================================

Image component sizes


      Code (inc. data)   RO Data    RW Data    ZI Data      Debug   Object Name

      1196        172          0        252          0       6936   bms_analysis.o
       132         28          0          0          0       9453   bms_app.o
      1510        472          0         46          0       5950   bms_energy.o
         0          0          0          6          0       1306   bms_global.o
        44          0          0          0          0       1649   bms_hal_control.o
       280         54          0          0          0       3341   bms_hal_monitor.o
      1692        574         68          1          0       3027   bms_info.o
       970        280          0         20         76       5751   bms_monitor.o
       212         90        426          0          0      13697   bms_msh_commond.o
      2362        892          0         84          0       7536   bms_protect.o
       256          0          0          0          0       3192   bms_utils.o
       252         28          4          0      10308       5144   board_1.o
       240         24          0          0         40       1623   can.o
       106         12          0          4          0       1956   clock.o
      2228        774        741          0          0      17511   cmd.o
       230         52         36          0          0       6440   components.o
       244         28          0          0          0        836   context_rvds.o
      1400        736          0         16          0       5986   cpuport.o
       180         76          0         17          0       2547   drv_can.o
       236        116          0          1          0       2687   drv_rs485.o
      1292         62          0         36          0      14974   drv_soft_i2c.o
      4032       1108          0         15        120      24898   drv_softi2c_bq769x0.o
       304         18          0          0          0        987   gpio.o
       238         72         22          0        384       5498   idle.o
      1486        346        450          0          0      27736   ipc.o
        80         18          0          1          0       2358   irq.o
      1890        232        290          8        128      12460   kservice.o
       160          4          0          0          0     410696   main.o
      1640        682        346         24         32       7424   mem.o
       910        176        168          0          0       9440   msh.o
       772        266        128         80          0      10310   object.o
       528        106         52         20        256       8894   scheduler.o
      1076        164         78         24        129      13510   shell.o
        36          8        236          0       1024        796   startup_stm32f103xb.o
       128         24          0          9          0       4763   stm32f1xx_hal.o
      1364          0          0          0          0      10162   stm32f1xx_hal_can.o
       304         22          0          0          0      29375   stm32f1xx_hal_cortex.o
       262          4          0          0          0       1735   stm32f1xx_hal_dma.o
       876         38          0          0          0       4495   stm32f1xx_hal_gpio.o
        92         10          0          0          0        882   stm32f1xx_hal_msp.o
      1784        110          0          0          0       5956   stm32f1xx_hal_rcc.o
      1930         10          0          0          0      11361   stm32f1xx_hal_uart.o
        78         18          0          0          0       4003   stm32f1xx_it.o
       166         22         24          4          0       1715   system_stm32f1xx.o
      1448        390        258          0          0      17317   thread.o
      1492        468         92         12          0      13560   timer.o
       368         36          0          0        136       2267   usart.o

    ----------------------------------------------------------------------
     38562       8822       3462        692      12640     764140   Object Totals
         0          0         32          0          0          0   (incl. Generated)
        56          0         11         12          7          0   (incl. Padding)

    ----------------------------------------------------------------------

      Code (inc. data)   RO Data    RW Data    ZI Data      Debug   Library Member Name

        34          4          0          0          0        204   dunder.o
       860         52         56          0          0        256   log.o
       170          0          0          0          0         96   poly.o
         0          0          8          0          0          0   qnan.o
        86          0          0          0          0          0   __dczerorl2.o
         0          0          0          0          0          0   entry.o
         0          0          0          0          0          0   entry10a.o
         0          0          0          0          0          0   entry11a.o
         8          4          0          0          0          0   entry2.o
         4          0          0          0          0          0   entry5.o
         0          0          0          0          0          0   entry7b.o
         0          0          0          0          0          0   entry8b.o
         8          4          0          0          0          0   entry9a.o
        12          6          0          4          0         68   errno.o
        30          0          0          0          0          0   handlers.o
        36          8          0          0          0         68   init.o
         0          0          0          0          0          0   iusefp.o
        30          0          0          0          0         68   llshl.o
        36          0          0          0          0         68   llsshr.o
        32          0          0          0          0         68   llushr.o
        36          0          0          0          0         68   memcpya.o
        36          0          0          0          0        108   memseta.o
      2276         86          0          0          0        520   printfa.o
        24          0          0          0          0         68   strcat.o
        14          0          0          0          0         68   strlen.o
        30          0          0          0          0         80   strncmp.o
        24          0          0          0          0         76   strncpy.o
        44          0          0          0          0         80   uidiv.o
        98          0          0          0          0         92   uldiv.o
        48          0          0          0          0         68   cdcmple.o
        48          0          0          0          0         68   cdrcmple.o
        20          0          0          0          0         68   cfcmple.o
        20          0          0          0          0         68   cfrcmple.o
        56          0          0          0          0         88   d2f.o
       334          0          0          0          0        148   dadd.o
       222          0          0          0          0        100   ddiv.o
       186          0          0          0          0        176   depilogue.o
        48          0          0          0          0         68   dfixul.o
        34          0          0          0          0         76   dflti.o
        26          0          0          0          0         76   dfltui.o
       228          0          0          0          0         96   dmul.o
        46          0          0          0          0         80   dscalb.o
        38          0          0          0          0         68   f2d.o
       176          0          0          0          0        140   fadd.o
       124          0          0          0          0         88   fdiv.o
       110          0          0          0          0        168   fepilogue.o
        50          0          0          0          0         68   ffixi.o
        40          0          0          0          0         68   ffixui.o
        18          0          0          0          0         68   fflti.o
        10          0          0          0          0         68   ffltui.o
       100          0          0          0          0         76   fmul.o

    ----------------------------------------------------------------------
      5920        164         64          4          0       4048   Library Totals
        10          0          0          0          0          0   (incl. Padding)

    ----------------------------------------------------------------------

      Code (inc. data)   RO Data    RW Data    ZI Data      Debug   Library Name

      1064         56         64          0          0        556   m_ws.l
      2864        108          0          4          0       1500   mc_w.l
      1982          0          0          0          0       1992   mf_w.l

    ----------------------------------------------------------------------
      5920        164         64          4          0       4048   Library Totals

    ----------------------------------------------------------------------

==============================================================================


      Code (inc. data)   RO Data    RW Data    ZI Data      Debug   

     44482       8986       3526        696      12640     750324   Grand Totals
     44482       8986       3526        392      12640     750324   ELF Image Totals (compressed)
     44482       8986       3526        392          0          0   ROM Totals

==============================================================================

    Total RO  Size (Code + RO Data)                48008 (  46.88kB)
    Total RW  Size (RW Data + ZI Data)             13336 (  13.02kB)
    Total ROM Size (Code + RO Data + RW Data)      48400 (  47.27kB)

==============================================================================

