<html>
<body>
<pre>
<h1>µVision Build Log</h1>
<h2>Tool Versions:</h2>
IDE-Version: ¦ÌVision V5.39.0.0
Copyright (C) 2023 ARM Ltd and ARM Germany GmbH. All rights reserved.
License Information:  ,  , LIC=32B1Q-NJ0DC-EVH1R-KIK2D-Q26W9-CRLGY
 
Tool Versions:
Toolchain:       MDK-ARM Plus  Version: 5.39.0.0
Toolchain Path:  I:\keil11\ARM\ARMCC\Bin
C Compiler:      Armcc.exe V5.06 update 6 (build 750)
Assembler:       Armasm.exe V5.06 update 6 (build 750)
Linker/Locator:  ArmLink.exe V5.06 update 6 (build 750)
Library Manager: ArmAr.exe V5.06 update 6 (build 750)
Hex Converter:   FromElf.exe V5.06 update 6 (build 750)
CPU DLL:         SARMCM3.DLL V5.39.0.0
Dialog DLL:      DCM.DLL V1.17.5.0
Target DLL:      UL2CM3.DLL V1.164.9.0
Dialog DLL:      TCM.DLL V1.56.4.0
 
<h2>Project:</h2>
J:\github\test-code\STM32\FreeRTOS\1-Book companion program\1- Part One A Step-by-Step Guide to Writing a FreeRTOS Kernel from Scratch\STM32 Part One\05, Bare-Metal System and Multi-Threading System\Project\Fire_FreeRTOS.uvprojx
Project File Date:  08/12/2026

<h2>Output:</h2>
*** Using Compiler 'V5.06 update 6 (build 750)', folder: 'I:\keil11\ARM\ARMCC\Bin'
Rebuild target 'Target 1'
assembling startup_ARMCM3.s...
compiling main.c...
compiling system_ARMCM3.c...
linking...
Program Size: Code=380 RO-data=224 RW-data=4 ZI-data=4196  
".\Objects\YH-RT-Thread.axf" - 0 Error(s), 0 Warning(s).

<h2>Software Packages used:</h2>

Package Vendor: ARM
                http://www.keil.com/pack/ARM.CMSIS.5.9.0.pack
                ARM::CMSIS@5.9.0
                CMSIS (Common Microcontroller Software Interface Standard)
   * Component: CORE Version: 5.6.0
   * Component: Startup Version: 1.2.2

<h2>Collection of Component include folders:</h2>
  ./RTE/_Target_1
  I:/keil11/ARM/PACK/ARM/CMSIS/5.9.0/CMSIS/Core/Include
  I:/keil11/ARM/PACK/ARM/CMSIS/5.9.0/Device/ARM/ARMCM3/Include

<h2>Collection of Component Files used:</h2>

   * Component: ARM::CMSIS:CORE@5.6.0

   * Component: ARM::Device:Startup@1.2.2
      Include file:  Device/ARM/ARMCM3/Include/ARMCM3.h
      Source file:   Device/ARM/ARMCM3/Source/ARM/startup_ARMCM3.s
      Source file:   Device/ARM/ARMCM3/Source/system_ARMCM3.c
Build Time Elapsed:  00:00:01
</pre>
</body>
</html>
