<html>
<body>
<pre>
<h1>µVision Build Log</h1>
<h2>Tool Versions:</h2>
IDE-Version: ¦ÌVision V5.39.0.0
Copyright (C) 2023 ARM Ltd and ARM Germany GmbH. All rights reserved.
License Information:  ,  , LIC=32B1Q-NJ0DC-EVH1R-KIK2D-Q26W9-CRLGY
 
Tool Versions:
Toolchain:       MDK-ARM Plus  Version: 5.39.0.0
Toolchain Path:  I:\keil11\ARM\ARMCC\Bin
C Compiler:      Armcc.exe V5.06 update 6 (build 750)
Assembler:       Armasm.exe V5.06 update 6 (build 750)
Linker/Locator:  ArmLink.exe V5.06 update 6 (build 750)
Library Manager: ArmAr.exe V5.06 update 6 (build 750)
Hex Converter:   FromElf.exe V5.06 update 6 (build 750)
CPU DLL:         SARMCM3.DLL V5.39.0.0
Dialog DLL:      DCM.DLL V1.17.5.0
Target DLL:      STLink\ST-LINKIII-KEIL_SWO.dll V3.2.0.0
Dialog DLL:      TCM.DLL V1.56.4.0
 
<h2>Project:</h2>
j:\github\test-code\BMS\Freertos\BMS_freertos\MDK-ARM\BMS.uvprojx
Project File Date:  07/27/2022

<h2>Output:</h2>
*** Using Compiler 'V5.06 update 6 (build 750)', folder: 'I:\keil11\ARM\ARMCC\Bin'
Build target 'BMS'
compiling bms_global.c...
compiling freertos.c...
compiling bms_analysis.c...
compiling bms_monitor.c...
compiling bms_info.c...
compiling bms_protect.c...
compiling bms_app.c...
compiling bms_energy.c...
compiling bms_hal_config.c...
compiling bms_hal_control.c...
compiling drv_soft_i2c.c...
..\User\Drivers\drv_soft_i2c.c(355): warning:  #223-D: function "print_usart1" declared implicitly
  				I2C_ERROR("NACK: sending repeated addr");
..\User\Drivers\drv_soft_i2c.c: 1 warning, 0 errors
compiling bms_hal_monitor.c...
compiling drv_softi2c_bq769x0.c...
..\User\Drivers\drv_softi2c_bq769x0.c(262): warning:  #177-D: function "BQ769X0_WriteRegisterByte"  was declared but never referenced
  static bool BQ769X0_WriteRegisterByte(uint8_t Register, uint8_t data)
..\User\Drivers\drv_softi2c_bq769x0.c(309): warning:  #177-D: function "BQ769X0_WriteRegisterWordWithCRC"  was declared but never referenced
  static bool BQ769X0_WriteRegisterWordWithCRC(uint8_t Register, uint16_t data)
..\User\Drivers\drv_softi2c_bq769x0.c(383): warning:  #177-D: function "BQ769X0_ReadRegisterByte"  was declared but never referenced
  static bool BQ769X0_ReadRegisterByte(uint8_t Register, uint8_t *data)
..\User\Drivers\drv_softi2c_bq769x0.c: 3 warnings, 0 errors
linking...
Program Size: Code=35088 RO-data=880 RW-data=604 ZI-data=14996  
FromELF: creating hex file...
"BMS\BMS.axf" - 0 Error(s), 4 Warning(s).

<h2>Software Packages used:</h2>

Package Vendor: ARM
                http://www.keil.com/pack/ARM.CMSIS.5.9.0.pack
                ARM::CMSIS@5.9.0
                CMSIS (Common Microcontroller Software Interface Standard)
   * Component: CORE Version: 5.6.0

Package Vendor: Keil
                http://www.keil.com/pack/Keil.STM32F1xx_DFP.2.1.0.pack
                Keil::STM32F1xx_DFP@2.1.0
                STMicroelectronics STM32F1 Series Device Support, Drivers and Examples

<h2>Collection of Component include folders:</h2>
  ./RTE/_BMS
  I:/keil11/ARM/PACK/ARM/CMSIS/5.9.0/CMSIS/Core/Include
  I:/keil11/ARM/PACK/Keil/STM32F1xx_DFP/2.1.0/Device/Include

<h2>Collection of Component Files used:</h2>

   * Component: ARM::CMSIS:CORE@5.6.0
      Include file:  CMSIS/Core/Include/tz_context.h
Build Time Elapsed:  00:00:12
</pre>
</body>
</html>
